Archive member included to satisfy reference by file (symbol)

out/lib/libstm32cube_fw_l4.a(stm32l4xx_hal.o)
                              out/obj/main.o (symbol from plugin) (HAL_Init)
out/lib/libstm32cube_fw_l4.a(stm32l4xx_hal_cortex.o)
                              stm32l4xx_hal.o (symbol from plugin) (HAL_NVIC_SetPriorityGrouping)
out/lib/libstm32cube_fw_l4.a(stm32l4xx_hal_dma.o)
                              out/obj/stm32l4xx_hal_msp.o (symbol from plugin) (HAL_DMA_Init)
out/lib/libstm32cube_fw_l4.a(stm32l4xx_hal_gpio.o)
                              out/obj/main.o (symbol from plugin) (HAL_GPIO_Init)
out/lib/libstm32cube_fw_l4.a(stm32l4xx_hal_i2c.o)
                              out/obj/main.o (symbol from plugin) (HAL_I2C_Init)
out/lib/libstm32cube_fw_l4.a(stm32l4xx_hal_i2c_ex.o)
                              out/obj/main.o (symbol from plugin) (HAL_I2CEx_ConfigAnalogFilter)
out/lib/libstm32cube_fw_l4.a(stm32l4xx_hal_rcc.o)
                              out/obj/main.o (symbol from plugin) (HAL_RCC_OscConfig)
out/lib/libstm32cube_fw_l4.a(stm32l4xx_hal_rcc_ex.o)
                              out/obj/stm32l4xx_hal_msp.o (symbol from plugin) (HAL_RCCEx_PeriphCLKConfig)
out/lib/libstm32cube_fw_l4.a(stm32l4xx_hal_rtc.o)
                              out/obj/acc_integration_stm32.o (symbol from plugin) (HAL_RTC_GetTime)
out/lib/libstm32cube_fw_l4.a(stm32l4xx_hal_pwr.o)
                              stm32l4xx_hal_rcc_ex.o (symbol from plugin) (HAL_PWR_EnableBkUpAccess)
out/lib/libstm32cube_fw_l4.a(stm32l4xx_hal_pwr_ex.o)
                              stm32l4xx_hal_rcc.o (symbol from plugin) (HAL_PWREx_GetVoltageRange)
out/lib/libstm32cube_fw_l4.a(stm32l4xx_hal_rtc_ex.o)
                              out/obj/acc_integration_stm32.o (symbol from plugin) (HAL_RTCEx_SetWakeUpTimer_IT)
out/lib/libstm32cube_fw_l4.a(stm32l4xx_hal_spi.o)
                              out/obj/main.o (symbol from plugin) (HAL_SPI_Init)
out/lib/libstm32cube_fw_l4.a(stm32l4xx_hal_uart.o)
                              out/obj/acc_integration_stm32.o (symbol from plugin) (HAL_UART_DeInit)
out/lib/libstm32cube_fw_l4.a(stm32l4xx_hal_uart_ex.o)
                              stm32l4xx_hal_uart.o (symbol from plugin) (HAL_UARTEx_WakeupCallback)
lib/libacconeer_a121.a(acc_version_a121.o)
                              out/obj/i2c_distance_detector.o (symbol from plugin) (acc_version_get)
lib/libacconeer_a121.a(acc_rss_a121.o)
                              out/obj/i2c_distance_detector.o (symbol from plugin) (acc_rss_hal_register)
lib/libacconeer_a121.a(acc_config.o)
                              out/obj/acc_control_helper.o (symbol from plugin) (acc_config_create)
lib/libacconeer_a121.a(acc_processing.o)
                              out/obj/acc_control_helper.o (symbol from plugin) (acc_processing_execute)
lib/libacconeer_a121.a(acc_sensor.o)
                              out/obj/acc_control_helper.o (symbol from plugin) (acc_sensor_destroy)
lib/libacconeer_a121.a(acc_calibration_a121.o)
                              acc_sensor.o (symbol from plugin) (acc_calibration_a121_calibrate)
lib/libacconeer_a121.a(acc_calibration_a121_algorithms.o)
                              acc_calibration_a121.o (symbol from plugin) (acc_cal_algorithms_pll_cbank)
lib/libacconeer_a121.a(acc_calibration_a121_cal_session.o)
                              acc_calibration_a121.o (symbol from plugin) (acc_a121_cal_session_start_1_pll_cbank_temp_program)
lib/libacconeer_a121.a(acc_rss_integration.o)
                              acc_rss_a121.o (symbol from plugin) (concrete_hal)
lib/libacconeer_a121.a(acc_pipeline_a121.o)
                              acc_rss_a121.o (symbol from plugin) (acc_pipeline_get_buffer_size)
lib/libacconeer_a121.a(acc_radar_engine_a121.o)
                              acc_sensor.o (symbol from plugin) (acc_radar_engine_a121_context_create)
lib/libacconeer_a121.a(acc_sensor_comm_a121.o)
                              acc_radar_engine_a121.o (symbol from plugin) (acc_sensor_a121_get_max_header_length)
lib/libacconeer_a121.a(acc_sensor_protocol_a121.o)
                              acc_radar_engine_a121.o (symbol from plugin) (acc_sensor_protocol_a121_init_interrupts)
lib/libacconeer_a121.a(acc_sensor_status_a121.o)
                              acc_sensor.o (symbol from plugin) (acc_sensor_status_a121)
lib/libacconeer_a121.a(acc_translation_a121.o)
                              acc_radar_engine_a121.o (symbol from plugin) (acc_translation_a121_points_to_meter)
lib/libacconeer_a121.a(acc_translation_pulseshaper.o)
                              acc_translation_a121.o (symbol from plugin) (acc_translation_pulseshaper_calc_settings)
lib/libacconeer_a121.a(acc_utils_config_to_str.o)
                              acc_config.o (symbol from plugin) (acc_utils_bool_to_str)
lib/libacconeer_a121.a(acc_alg_cca.o)
                              acc_processing.o (symbol from plugin) (acc_alg_cca_i16_calculate)
lib/libacconeer_a121.a(acc_confprogram.o)
[...]
Memory Configuration

Name             Origin             Length             Attributes
RAM              0x20000000         0x00010000         xrw
RAM2             0x10000000         0x00004000         xrw
FLASH            0x08000000         0x00020000         xr
*default*        0x00000000         0xffffffff

Linker script and memory map

LOAD /opt/armgcc/arm-gnu-toolchain-13.3.rel1-x86_64-arm-none-eabi/bin/../lib/gcc/arm-none-eabi/13.3.1/thumb/v7e-m+fp/hard/crti.o
LOAD /opt/armgcc/arm-gnu-toolchain-13.3.rel1-x86_64-arm-none-eabi/bin/../lib/gcc/arm-none-eabi/13.3.1/thumb/v7e-m+fp/hard/crtbegin.o
LOAD /opt/armgcc/arm-gnu-toolchain-13.3.rel1-x86_64-arm-none-eabi/bin/../lib/gcc/arm-none-eabi/13.3.1/../../../../arm-none-eabi/lib/thumb/v7e-m+fp/hard/crt0.o
LOAD out/obj/acc_hal_integration_stm32cube_xm.o
LOAD /tmp/ccTx0au6.ltrans0.ltrans.o
LOAD /tmp/ccTx0au6.ltrans1.ltrans.o
LOAD /tmp/ccTx0au6.ltrans2.ltrans.o
LOAD /tmp/cctquIAn.debug.temp.o
LOAD /tmp/ccAWsyrJ.debug.temp.o
LOAD /tmp/ccB3NvDA.debug.temp.o
LOAD /tmp/cceIyWMt.debug.temp.o
LOAD /tmp/cc08jV01.debug.temp.o
LOAD /tmp/ccUBV5r5.debug.temp.o
LOAD /tmp/ccMXw0Hc.debug.temp.o
LOAD /tmp/ccvj6uy3.debug.temp.o
LOAD /tmp/ccyeuXlo.debug.temp.o
LOAD /tmp/cckv2f6D.debug.temp.o
LOAD /tmp/cc9JSEOv.debug.temp.o
LOAD /tmp/ccawEJT8.debug.temp.o
LOAD /tmp/ccmJrlUP.debug.temp.o
LOAD /tmp/cctWR44E.debug.temp.o
LOAD /tmp/ccTYQQFn.debug.temp.o
LOAD /tmp/ccVbM2lO.debug.temp.o
LOAD /tmp/ccdnW3b0.debug.temp.o
LOAD /tmp/cc5z4ySt.debug.temp.o
LOAD /tmp/ccpIxoLt.debug.temp.o
LOAD /tmp/ccROm8kV.debug.temp.o
LOAD /tmp/ccBpt6ZD.debug.temp.o
LOAD /tmp/ccLIMqqZ.debug.temp.o
LOAD /tmp/ccvK5U2O.debug.temp.o
LOAD /tmp/ccKGy6Nx.debug.temp.o
LOAD /tmp/ccbfNK7g.debug.temp.o
LOAD /tmp/ccZk2gIi.debug.temp.o
LOAD /tmp/ccsOIxzC.debug.temp.o
LOAD /tmp/ccw1F6Iv.debug.temp.o
LOAD /tmp/cc3wjwMk.debug.temp.o
LOAD /tmp/cciUcRd7.debug.temp.o
LOAD /tmp/ccImjKxc.debug.temp.o
LOAD /tmp/cc57IKfB.debug.temp.o
LOAD /tmp/ccmdAAWr.debug.temp.o
LOAD /tmp/ccJelVkm.debug.temp.o
LOAD /tmp/ccaBUbUC.debug.temp.o
LOAD /tmp/ccTmRU4h.debug.temp.o
LOAD /tmp/ccJtj4KK.debug.temp.o
LOAD /tmp/ccbOwtsO.debug.temp.o
LOAD /tmp/ccf6ZDgK.debug.temp.o
LOAD /tmp/cc5HnuER.debug.temp.o
LOAD /tmp/ccWOsCSO.debug.temp.o
LOAD /tmp/cc1MlqE9.debug.temp.o
LOAD /tmp/ccwNzWlD.debug.temp.o
LOAD /tmp/ccNFXrXE.debug.temp.o
LOAD /tmp/cc9rhJEI.debug.temp.o
LOAD /tmp/ccbRCGDz.debug.temp.o
LOAD /tmp/ccqr6tHS.debug.temp.o
LOAD /tmp/ccZZANDx.debug.temp.o
LOAD /tmp/cc8RbKbz.debug.temp.o
LOAD /tmp/cccOOwKl.debug.temp.o
LOAD /tmp/ccpfR1Pz.debug.temp.o
LOAD /tmp/ccUPjBUO.debug.temp.o
LOAD /tmp/cckw7BT8.debug.temp.o
LOAD /tmp/ccxGKB3W.debug.temp.o
LOAD /tmp/cc5rZdE8.debug.temp.o
LOAD /tmp/ccoK0AGe.debug.temp.o
LOAD /tmp/ccIc7Gn9.debug.temp.o
LOAD /tmp/ccRipd7O.debug.temp.o
LOAD /tmp/cc1QhAu8.debug.temp.o
LOAD /tmp/ccRGDBSI.debug.temp.o
LOAD /tmp/cc9Nzn2u.debug.temp.o
LOAD /tmp/cctZ6UWG.debug.temp.o
LOAD /tmp/cc9mRFyA.debug.temp.o
LOAD /tmp/cch5yX4T.debug.temp.o
LOAD /tmp/cc3KMMFY.debug.temp.o
LOAD /tmp/ccQiTS8n.debug.temp.o
LOAD /tmp/ccWxYVI2.debug.temp.o
LOAD /tmp/ccTmIJJy.debug.temp.o
LOAD /tmp/ccy5pIVh.debug.temp.o
LOAD /tmp/cc9zeQ8r.debug.temp.o
LOAD /tmp/ccB4nuyZ.debug.temp.o
LOAD /tmp/ccIvzrEm.debug.temp.o
LOAD /tmp/cc10fsaI.debug.temp.o
LOAD /tmp/ccSBTSgS.debug.temp.o
LOAD /tmp/cckgafz6.debug.temp.o
LOAD /tmp/ccGQBCg0.debug.temp.o
LOAD /tmp/ccBdWmsL.debug.temp.o
LOAD /tmp/ccLWl1Ov.debug.temp.o
LOAD /tmp/ccLI5MAI.debug.temp.o
LOAD out/obj/syscalls.o
LOAD out/obj/startup_stm32l431xx.o
LOAD out/obj/main.o
LOAD out/obj/stm32l4xx_hal_msp.o
LOAD out/obj/stm32l4xx_it.o
LOAD out/obj/system_stm32l4xx.o
LOAD out/obj/sysmem.o
LOAD out/obj/acc_integration_log.o
LOAD out/obj/acc_integration_stm32.o
LOAD out/obj/acc_control_helper.o
LOAD out/obj/acc_processing_helpers.o
LOAD out/obj/acc_integration_cortex.o
LOAD out/obj/acc_reg_protocol.o
LOAD out/obj/distance_reg_protocol.o
LOAD out/obj/distance_reg_protocol_access.o
LOAD out/obj/i2c_application_system_stm32.o
LOAD out/obj/i2c_distance_detector.o
LOAD out/lib/libwrapprintf.a
LOAD out/lib/libstm32cube_fw_l4.a
START GROUP
LOAD lib/libacconeer_a121.a
LOAD lib/libacc_detector_distance_a121.a
LOAD lib/libacc_detector_presence_a121.a
LOAD /opt/armgcc/arm-gnu-toolchain-13.3.rel1-x86_64-arm-none-eabi/bin/../lib/gcc/arm-none-eabi/13.3.1/../../../../arm-none-eabi/lib/thumb/v7e-m+fp/hard/libm.a
LOAD out/lib/libwrapprintf.a
END GROUP
START GROUP
LOAD /opt/armgcc/arm-gnu-toolchain-13.3.rel1-x86_64-arm-none-eabi/bin/../lib/gcc/arm-none-eabi/13.3.1/thumb/v7e-m+fp/hard/libgcc.a
LOAD /opt/armgcc/arm-gnu-toolchain-13.3.rel1-x86_64-arm-none-eabi/bin/../lib/gcc/arm-none-eabi/13.3.1/../../../../arm-none-eabi/lib/thumb/v7e-m+fp/hard/libc_nano.a
END GROUP
START GROUP
LOAD /opt/armgcc/arm-gnu-toolchain-13.3.rel1-x86_64-arm-none-eabi/bin/../lib/gcc/arm-none-eabi/13.3.1/thumb/v7e-m+fp/hard/libgcc.a
LOAD /opt/armgcc/arm-gnu-toolchain-13.3.rel1-x86_64-arm-none-eabi/bin/../lib/gcc/arm-none-eabi/13.3.1/../../../../arm-none-eabi/lib/thumb/v7e-m+fp/hard/libc_nano.a
LOAD /opt/armgcc/arm-gnu-toolchain-13.3.rel1-x86_64-arm-none-eabi/bin/../lib/gcc/arm-none-eabi/13.3.1/../../../../arm-none-eabi/lib/thumb/v7e-m+fp/hard/libnosys.a
END GROUP
START GROUP
LOAD /opt/armgcc/arm-gnu-toolchain-13.3.rel1-x86_64-arm-none-eabi/bin/../lib/gcc/arm-none-eabi/13.3.1/thumb/v7e-m+fp/hard/libgcc.a
LOAD /opt/armgcc/arm-gnu-toolchain-13.3.rel1-x86_64-arm-none-eabi/bin/../lib/gcc/arm-none-eabi/13.3.1/../../../../arm-none-eabi/lib/thumb/v7e-m+fp/hard/libc_nano.a
LOAD /opt/armgcc/arm-gnu-toolchain-13.3.rel1-x86_64-arm-none-eabi/bin/../lib/gcc/arm-none-eabi/13.3.1/../../../../arm-none-eabi/lib/thumb/v7e-m+fp/hard/libnosys.a
END GROUP
LOAD /opt/armgcc/arm-gnu-toolchain-13.3.rel1-x86_64-arm-none-eabi/bin/../lib/gcc/arm-none-eabi/13.3.1/thumb/v7e-m+fp/hard/crtend.o
LOAD /opt/armgcc/arm-gnu-toolchain-13.3.rel1-x86_64-arm-none-eabi/bin/../lib/gcc/arm-none-eabi/13.3.1/thumb/v7e-m+fp/hard/crtn.o
                0x20010000                        _estack = (ORIGIN (RAM) + LENGTH (RAM))
                0x00000200                        _Min_Heap_Size = 0x200
                0x00001400                        _Min_Stack_Size = 0x1400

.isr_vector     0x08000000      0x190
                0x08000000                        . = ALIGN (0x8)
 *(.isr_vector)
 .isr_vector    0x08000000      0x18c out/obj/startup_stm32l431xx.o
                0x08000000                g_pfnVectors
                0x08000190                        . = ALIGN (0x8)
 *fill*         0x0800018c        0x4 

.text           0x08000190    0x14c70
                0x08000190                        . = ALIGN (0x8)
 *(.text)
 .text          0x08000190     0x5bfc /tmp/ccTx0au6.ltrans0.ltrans.o
                0x08004080                __NVIC_SystemReset.lto_priv.0.lto_priv.0
                0x08004204                I2C_DMAAbort.lto_priv.0
                0x08004244                NMI_Handler
                0x08004248                HardFault_Handler
                0x0800424c                MemManage_Handler
                0x08004250                BusFault_Handler
                0x08004254                UsageFault_Handler
                0x08004258                SVC_Handler
                0x0800425c                DebugMon_Handler
                0x08004260                PendSV_Handler
                0x08004264                SysTick_Handler
                0x08004278                RTC_WKUP_IRQHandler
                0x080042b4                EXTI3_IRQHandler
                0x080042c8                DMA1_Channel2_IRQHandler
                0x080042d4                DMA1_Channel3_IRQHandler
                0x080042e0                DMA1_Channel6_IRQHandler
                0x080042ec                DMA1_Channel7_IRQHandler
                0x080042f8                I2C2_EV_IRQHandler
                0x08004320                EXTI15_10_IRQHandler
                0x08004334                RTC_Alarm_IRQHandler
                0x080043a8                SystemInit
                0x080043bc                HAL_DMA_Abort_IT
                0x080048cc                I2C_Master_ISR_DMA.lto_priv.0
                0x08004a44                I2C_Mem_ISR_DMA.lto_priv.0
                0x08004e60                I2C_Slave_ISR_IT.lto_priv.0
                0x08004fb0                I2C_Slave_ISR_DMA.lto_priv.0
                0x080050fc                HAL_RCCEx_PeriphCLKConfig
                0x08005890                HAL_UART_Transmit
                0x08005970                UART_EndRxTransfer.lto_priv.0
                0x080059d0                USART2_IRQHandler
 .text          0x08005d8c     0x8df8 /tmp/ccTx0au6.ltrans1.ltrans.o
                0x08007970                acc_rss_integration_mem_free
                0x08007980                acc_processing_execute
                0x08007a14                acc_sensor_destroy
                0x08007a58                acc_rss_integration_sensor_device_transfer
                0x08007ac0                acc_sensor_a121_conf_write_instr
                0x08007bf8                acc_sensor_measure
                0x08007d20                acc_sensor_read
                0x08007f54                acc_rss_integration_mem_alloc_debug
                0x080086c8                acc_radar_engine_121_populate_metadata
                0x08008778                acc_sensor_a121_load_confmem
                0x080087c0                acc_translation_a121_translate
                0x0800a240                acc_sensor_reg_field_write
                0x0800a2a0                acc_sensor_protocol_a121_init_interrupts
                0x0800a2d4                acc_sensor_protocol_a121_prepare_load
                0x0800a368                acc_alg_atan2_q16
                0x0800a5b4                patch_program_parameters.lto_priv.0
                0x0800a634                acc_detector_distance_config_log
                0x0800ab0c                decide_next_measurement_type.lto_priv.0
                0x0800ab6c                acc_detector_distance_aggregator_calibration_needed
                0x0800abf8                acc_detector_distance_alg_interpolate_peaks
                0x0800ad18                acc_detector_distance_alg_calc_processing_gain
                0x0800af0c                acc_detector_distance_create
                0x0800cc78                merge_peak_range.part.0.lto_priv.0
                0x0800cd1c                acc_detector_distance_alg_peak_inplace_sort.part.0
                0x0800cdc8                acc_detector_distance_calibration_offset_process
                0x0800ceb0                acc_detector_distance_calibration_noise_process
                0x0800d1c4                process_subsweeps.lto_priv.0
                0x0800d5a8                get_radar_equation_parameters_for_distance.lto_priv.0
                0x0800d698                SPI_WaitFifoStateUntilTimeout.constprop.0
                0x0800d758                SPI_WaitFlagStateUntilTimeout.constprop.0
                0x0800d804                HAL_I2C_Slave_Seq_Receive_IT.part.0.constprop.0
                0x0800d8b4                acc_reg_protocol_data_in.constprop.0
                0x0800da44                HAL_RTC_DeactivateAlarm.constprop.0
                0x0800dac4                acc_calibration_a121_calibrate.constprop.0
 .text          0x0800eb84     0x1690 /tmp/ccTx0au6.ltrans2.ltrans.o
                0x0800eef8                acc_cal_algorithms_phase_unwrap.constprop.0
                0x0800ef4c                acc_cal_algorithms_tx_freq_ctrl.constprop.0
                0x0800f060                acc_cal_algorithms_calc_pulse_params.constprop.0
                0x0800f24c                internal_buffer_processed_read.part.0.constprop.0
                0x0800f2f0                acc_sensor_a121_lut_buffer_write.constprop.0
                0x0800f478                acc_sensor_prepare.constprop.0
                0x0800f5c4                prepare_and_measure.constprop.0
                0x0800f5dc                RTC_EnterInitMode.constprop.0
                0x0800f628                RTC_ExitInitMode.constprop.0
                0x0800f678                HAL_RTC_SetAlarm_IT.constprop.0
                0x0800f810                HAL_DMA_Init.constprop.0
                0x0800f8d4                UART_WaitOnFlagUntilTimeout.constprop.0
                0x0800f950                HAL_NVIC_SetPriority.constprop.0
                0x0800f9a4                acc_hal_integration_wait_for_sensor_interrupt.constprop.0
                0x0800f9e4                acc_integration_sleep_us.constprop.0
                0x0800fb38                acc_confprogram_live_patch.constprop.0.isra.0
                0x0800fc40                acc_detector_distance_alg_complex_filter.isra.0
                0x0800fca8                HAL_GPIO_Init.isra.0
                0x0800fea0                HAL_I2C_Init.constprop.0
                0x0800ffc8                HAL_SPI_Init.constprop.0
                0x0801015c                HAL_DMA_DeInit.isra.0
 .text          0x08010214       0x10 /opt/armgcc/arm-gnu-toolchain-13.3.rel1-x86_64-arm-none-eabi/bin/../lib/gcc/arm-none-eabi/13.3.1/../../../../arm-none-eabi/lib/thumb/v7e-m+fp/hard/libc_nano.a(libc_a-strlen.o)
                0x08010214                strlen
 .text          0x08010224       0x30 /opt/armgcc/arm-gnu-toolchain-13.3.rel1-x86_64-arm-none-eabi/bin/../lib/gcc/arm-none-eabi/13.3.1/thumb/v7e-m+fp/hard/libgcc.a(_aeabi_uldivmod.o)
                0x08010224                __aeabi_uldivmod
 .text          0x08010254      0x254 /opt/armgcc/arm-gnu-toolchain-13.3.rel1-x86_64-arm-none-eabi/bin/../lib/gcc/arm-none-eabi/13.3.1/thumb/v7e-m+fp/hard/libgcc.a(_arm_muldf3.o)
                0x08010254                __aeabi_dmul
                0x08010254                __muldf3
 .text          0x080104a8        0x4 /opt/armgcc/arm-gnu-toolchain-13.3.rel1-x86_64-arm-none-eabi/bin/../lib/gcc/arm-none-eabi/13.3.1/thumb/v7e-m+fp/hard/libgcc.a(_dvmd_tls.o)
                0x080104a8                __aeabi_ldiv0
                0x080104a8                __aeabi_idiv0
 .text          0x080104ac      0x378 /opt/armgcc/arm-gnu-toolchain-13.3.rel1-x86_64-arm-none-eabi/bin/../lib/gcc/arm-none-eabi/13.3.1/thumb/v7e-m+fp/hard/libgcc.a(_arm_addsubdf3.o)
                0x080104ac                __aeabi_drsub
                0x080104b4                __aeabi_dsub
                0x080104b4                __subdf3
                0x080104b8                __adddf3
                0x080104b8                __aeabi_dadd
                0x08010730                __aeabi_ui2d
                0x08010730                __floatunsidf
                0x08010750                __floatsidf
                0x08010750                __aeabi_i2d
                0x08010774                __extendsfdf2
                0x08010774                __aeabi_f2d
                0x080107b8                __aeabi_ul2d
                0x080107b8                __floatundidf
                0x080107c8                __floatdidf
                0x080107c8                __aeabi_l2d
 .text          0x08010824       0x40 /opt/armgcc/arm-gnu-toolchain-13.3.rel1-x86_64-arm-none-eabi/bin/../lib/gcc/arm-none-eabi/13.3.1/thumb/v7e-m+fp/hard/libgcc.a(_arm_fixunsdfsi.o)
                0x08010824                __fixunsdfsi
                0x08010824                __aeabi_d2uiz
 *(.text*)
 .text.deregister_tm_clones
                0x08010864       0x1c /opt/armgcc/arm-gnu-toolchain-13.3.rel1-x86_64-arm-none-eabi/bin/../lib/gcc/arm-none-eabi/13.3.1/thumb/v7e-m+fp/hard/crtbegin.o
 .text.register_tm_clones
                0x08010880       0x24 /opt/armgcc/arm-gnu-toolchain-13.3.rel1-x86_64-arm-none-eabi/bin/../lib/gcc/arm-none-eabi/13.3.1/thumb/v7e-m+fp/hard/crtbegin.o
 .text.__do_global_dtors_aux
                0x080108a4       0x28 /opt/armgcc/arm-gnu-toolchain-13.3.rel1-x86_64-arm-none-eabi/bin/../lib/gcc/arm-none-eabi/13.3.1/thumb/v7e-m+fp/hard/crtbegin.o
 .text.frame_dummy
                0x080108cc       0x24 /opt/armgcc/arm-gnu-toolchain-13.3.rel1-x86_64-arm-none-eabi/bin/../lib/gcc/arm-none-eabi/13.3.1/thumb/v7e-m+fp/hard/crtbegin.o
 .text.startup  0x080108f0      0xf80 /tmp/ccTx0au6.ltrans0.ltrans.o
                0x080108f0                main
 .text._write   0x08011870       0x18 out/obj/syscalls.o
                0x08011870                _write
 .text.Reset_Handler
                0x08011888       0x50 out/obj/startup_stm32l431xx.o
                0x08011888                Reset_Handler
 .text.Default_Handler
                0x080118d8        0x2 out/obj/startup_stm32l431xx.o
                0x080118d8                EXTI2_IRQHandler
                0x080118d8                TIM1_CC_IRQHandler
                0x080118d8                TSC_IRQHandler
                0x080118d8                TAMP_STAMP_IRQHandler
                0x080118d8                LPTIM2_IRQHandler
                0x080118d8                I2C3_ER_IRQHandler
                0x080118d8                EXTI0_IRQHandler
                0x080118d8                CAN1_RX0_IRQHandler
                0x080118d8                FPU_IRQHandler
                0x080118d8                TIM1_UP_TIM16_IRQHandler
                0x080118d8                SPI1_IRQHandler
                0x080118d8                TIM6_DAC_IRQHandler
                0x080118d8                DMA2_Channel2_IRQHandler
                0x080118d8                DMA1_Channel4_IRQHandler
                0x080118d8                ADC1_IRQHandler
                0x080118d8                USART3_IRQHandler
                0x080118d8                CAN1_RX1_IRQHandler
                0x080118d8                DMA2_Channel1_IRQHandler
                0x080118d8                QUADSPI_IRQHandler
                0x080118d8                I2C1_EV_IRQHandler
                0x080118d8                DMA2_Channel4_IRQHandler
                0x080118d8                RCC_IRQHandler
                0x080118d8                TIM1_TRG_COM_IRQHandler
                0x080118d8                DMA1_Channel1_IRQHandler
                0x080118d8                Default_Handler
                0x080118d8                DMA2_Channel7_IRQHandler
                0x080118d8                TIM7_IRQHandler
                0x080118d8                SDMMC1_IRQHandler
                0x080118d8                I2C3_EV_IRQHandler
                0x080118d8                EXTI9_5_IRQHandler
                0x080118d8                PVD_PVM_IRQHandler
                0x080118d8                SPI2_IRQHandler
                0x080118d8                CAN1_TX_IRQHandler
                0x080118d8                DMA2_Channel5_IRQHandler
                0x080118d8                CRS_IRQHandler
                0x080118d8                DMA1_Channel5_IRQHandler
                0x080118d8                EXTI4_IRQHandler
                0x080118d8                RNG_IRQHandler
                0x080118d8                COMP_IRQHandler
                0x080118d8                WWDG_IRQHandler
                0x080118d8                LPUART1_IRQHandler
                0x080118d8                DMA2_Channel6_IRQHandler
                0x080118d8                TIM2_IRQHandler
                0x080118d8                EXTI1_IRQHandler
                0x080118d8                I2C2_ER_IRQHandler
                0x080118d8                CAN1_SCE_IRQHandler
                0x080118d8                FLASH_IRQHandler
                0x080118d8                USART1_IRQHandler
                0x080118d8                SPI3_IRQHandler
                0x080118d8                I2C1_ER_IRQHandler
                0x080118d8                SWPMI1_IRQHandler
                0x080118d8                LPTIM1_IRQHandler
                0x080118d8                SAI1_IRQHandler
                0x080118d8                DMA2_Channel3_IRQHandler
                0x080118d8                TIM1_BRK_TIM15_IRQHandler
 *fill*         0x080118da        0x2 
 .text._sbrk    0x080118dc       0x44 out/obj/sysmem.o
                0x080118dc                _sbrk
 .text.log10f   0x08011920       0x60 /opt/armgcc/arm-gnu-toolchain-13.3.rel1-x86_64-arm-none-eabi/bin/../lib/gcc/arm-none-eabi/13.3.1/../../../../arm-none-eabi/lib/thumb/v7e-m+fp/hard/libm.a(libm_a-wf_log10.o)
                0x08011920                log10f
 .text.powf     0x08011980       0xbc /opt/armgcc/arm-gnu-toolchain-13.3.rel1-x86_64-arm-none-eabi/bin/../lib/gcc/arm-none-eabi/13.3.1/../../../../arm-none-eabi/lib/thumb/v7e-m+fp/hard/libm.a(libm_a-wf_pow.o)
                0x08011980                powf
 .text.sinf     0x08011a3c       0x74 /opt/armgcc/arm-gnu-toolchain-13.3.rel1-x86_64-arm-none-eabi/bin/../lib/gcc/arm-none-eabi/13.3.1/../../../../arm-none-eabi/lib/thumb/v7e-m+fp/hard/libm.a(libm_a-sf_sin.o)
                0x08011a3c                sinf
 .text.tanf     0x08011ab0       0x54 /opt/armgcc/arm-gnu-toolchain-13.3.rel1-x86_64-arm-none-eabi/bin/../lib/gcc/arm-none-eabi/13.3.1/../../../../arm-none-eabi/lib/thumb/v7e-m+fp/hard/libm.a(libm_a-sf_tan.o)
                0x08011ab0                tanf
 .text.floorf   0x08011b04       0x94 /opt/armgcc/arm-gnu-toolchain-13.3.rel1-x86_64-arm-none-eabi/bin/../lib/gcc/arm-none-eabi/13.3.1/../../../../arm-none-eabi/lib/thumb/v7e-m+fp/hard/libm.a(libm_a-sf_floor.o)
                0x08011b04                floorf
 .text.roundf   0x08011b98       0x4c /opt/armgcc/arm-gnu-toolchain-13.3.rel1-x86_64-arm-none-eabi/bin/../lib/gcc/arm-none-eabi/13.3.1/../../../../arm-none-eabi/lib/thumb/v7e-m+fp/hard/libm.a(libm_a-sf_round.o)
                0x08011b98                roundf
 .text.nanf     0x08011be4        0xc /opt/armgcc/arm-gnu-toolchain-13.3.rel1-x86_64-arm-none-eabi/bin/../lib/gcc/arm-none-eabi/13.3.1/../../../../arm-none-eabi/lib/thumb/v7e-m+fp/hard/libm.a(libm_a-sf_nan.o)
                0x08011be4                nanf
 .text.__kernel_cosf
                0x08011bf0      0x104 /opt/armgcc/arm-gnu-toolchain-13.3.rel1-x86_64-arm-none-eabi/bin/../lib/gcc/arm-none-eabi/13.3.1/../../../../arm-none-eabi/lib/thumb/v7e-m+fp/hard/libm.a(libm_a-kf_cos.o)
                0x08011bf0                __kernel_cosf
 .text.__kernel_sinf
                0x08011cf4       0x90 /opt/armgcc/arm-gnu-toolchain-13.3.rel1-x86_64-arm-none-eabi/bin/../lib/gcc/arm-none-eabi/13.3.1/../../../../arm-none-eabi/lib/thumb/v7e-m+fp/hard/libm.a(libm_a-kf_sin.o)
                0x08011cf4                __kernel_sinf
 .text.__kernel_tanf
                0x08011d84      0x1c0 /opt/armgcc/arm-gnu-toolchain-13.3.rel1-x86_64-arm-none-eabi/bin/../lib/gcc/arm-none-eabi/13.3.1/../../../../arm-none-eabi/lib/thumb/v7e-m+fp/hard/libm.a(libm_a-kf_tan.o)
                0x08011d84                __kernel_tanf
 .text.__ieee754_rem_pio2f
                0x08011f44      0x260 /opt/armgcc/arm-gnu-toolchain-13.3.rel1-x86_64-arm-none-eabi/bin/../lib/gcc/arm-none-eabi/13.3.1/../../../../arm-none-eabi/lib/thumb/v7e-m+fp/hard/libm.a(libm_a-ef_rem_pio2.o)
                0x08011f44                __ieee754_rem_pio2f
 .text.expf     0x080121a4       0x78 /opt/armgcc/arm-gnu-toolchain-13.3.rel1-x86_64-arm-none-eabi/bin/../lib/gcc/arm-none-eabi/13.3.1/../../../../arm-none-eabi/lib/thumb/v7e-m+fp/hard/libm.a(libm_a-wf_exp.o)
                0x080121a4                expf
 .text.cosf     0x0801221c       0x70 /opt/armgcc/arm-gnu-toolchain-13.3.rel1-x86_64-arm-none-eabi/bin/../lib/gcc/arm-none-eabi/13.3.1/../../../../arm-none-eabi/lib/thumb/v7e-m+fp/hard/libm.a(libm_a-sf_cos.o)
                0x0801221c                cosf
 .text.fabsf    0x0801228c       0x10 /opt/armgcc/arm-gnu-toolchain-13.3.rel1-x86_64-arm-none-eabi/bin/../lib/gcc/arm-none-eabi/13.3.1/../../../../arm-none-eabi/lib/thumb/v7e-m+fp/hard/libm.a(libm_a-sf_fabs.o)
                0x0801228c                fabsf
 .text.__ieee754_sqrtf
                0x0801229c        0x8 /opt/armgcc/arm-gnu-toolchain-13.3.rel1-x86_64-arm-none-eabi/bin/../lib/gcc/arm-none-eabi/13.3.1/../../../../arm-none-eabi/lib/thumb/v7e-m+fp/hard/libm.a(libm_a-ef_sqrt.o)
                0x0801229c                __ieee754_sqrtf
 .text.finitef  0x080122a4       0x14 /opt/armgcc/arm-gnu-toolchain-13.3.rel1-x86_64-arm-none-eabi/bin/../lib/gcc/arm-none-eabi/13.3.1/../../../../arm-none-eabi/lib/thumb/v7e-m+fp/hard/libm.a(libm_a-sf_finite.o)
                0x080122a4                finitef
 .text.fmaxf    0x080122b8       0x3c /opt/armgcc/arm-gnu-toolchain-13.3.rel1-x86_64-arm-none-eabi/bin/../lib/gcc/arm-none-eabi/13.3.1/../../../../arm-none-eabi/lib/thumb/v7e-m+fp/hard/libm.a(libm_a-sf_fmax.o)
                0x080122b8                fmaxf
 .text.fminf    0x080122f4       0x3c /opt/armgcc/arm-gnu-toolchain-13.3.rel1-x86_64-arm-none-eabi/bin/../lib/gcc/arm-none-eabi/13.3.1/../../../../arm-none-eabi/lib/thumb/v7e-m+fp/hard/libm.a(libm_a-sf_fmin.o)
                0x080122f4                fminf
 .text.__fpclassifyf
                0x08012330       0x38 /opt/armgcc/arm-gnu-toolchain-13.3.rel1-x86_64-arm-none-eabi/bin/../lib/gcc/arm-none-eabi/13.3.1/../../../../arm-none-eabi/lib/thumb/v7e-m+fp/hard/libm.a(libm_a-sf_fpclassify.o)
                0x08012330                __fpclassifyf
 .text.__kernel_rem_pio2f
                0x08012368      0x63c /opt/armgcc/arm-gnu-toolchain-13.3.rel1-x86_64-arm-none-eabi/bin/../lib/gcc/arm-none-eabi/13.3.1/../../../../arm-none-eabi/lib/thumb/v7e-m+fp/hard/libm.a(libm_a-kf_rem_pio2.o)
                0x08012368                __kernel_rem_pio2f
 .text.__ieee754_log10f
                0x080129a4       0xc4 /opt/armgcc/arm-gnu-toolchain-13.3.rel1-x86_64-arm-none-eabi/bin/../lib/gcc/arm-none-eabi/13.3.1/../../../../arm-none-eabi/lib/thumb/v7e-m+fp/hard/libm.a(libm_a-ef_log10.o)
                0x080129a4                __ieee754_log10f
 .text.__ieee754_powf
                0x08012a68      0x684 /opt/armgcc/arm-gnu-toolchain-13.3.rel1-x86_64-arm-none-eabi/bin/../lib/gcc/arm-none-eabi/13.3.1/../../../../arm-none-eabi/lib/thumb/v7e-m+fp/hard/libm.a(libm_a-ef_pow.o)
                0x08012a68                __ieee754_powf
 .text.__ieee754_expf
                0x080130ec      0x1e8 /opt/armgcc/arm-gnu-toolchain-13.3.rel1-x86_64-arm-none-eabi/bin/../lib/gcc/arm-none-eabi/13.3.1/../../../../arm-none-eabi/lib/thumb/v7e-m+fp/hard/libm.a(libm_a-ef_exp.o)
                0x080130ec                __ieee754_expf
 .text.scalbnf  0x080132d4       0xe4 /opt/armgcc/arm-gnu-toolchain-13.3.rel1-x86_64-arm-none-eabi/bin/../lib/gcc/arm-none-eabi/13.3.1/../../../../arm-none-eabi/lib/thumb/v7e-m+fp/hard/libm.a(libm_a-sf_scalbn.o)
                0x080132d4                scalbnf
 .text.with_errnof
                0x080133b8       0x1c /opt/armgcc/arm-gnu-toolchain-13.3.rel1-x86_64-arm-none-eabi/bin/../lib/gcc/arm-none-eabi/13.3.1/../../../../arm-none-eabi/lib/thumb/v7e-m+fp/hard/libm.a(libm_a-math_errf.o)
 .text.xflowf   0x080133d4       0x20 /opt/armgcc/arm-gnu-toolchain-13.3.rel1-x86_64-arm-none-eabi/bin/../lib/gcc/arm-none-eabi/13.3.1/../../../../arm-none-eabi/lib/thumb/v7e-m+fp/hard/libm.a(libm_a-math_errf.o)
 .text.__math_uflowf
                0x080133f4        0xc /opt/armgcc/arm-gnu-toolchain-13.3.rel1-x86_64-arm-none-eabi/bin/../lib/gcc/arm-none-eabi/13.3.1/../../../../arm-none-eabi/lib/thumb/v7e-m+fp/hard/libm.a(libm_a-math_errf.o)
                0x080133f4                __math_uflowf
 .text.__math_oflowf
                0x08013400        0xc /opt/armgcc/arm-gnu-toolchain-13.3.rel1-x86_64-arm-none-eabi/bin/../lib/gcc/arm-none-eabi/13.3.1/../../../../arm-none-eabi/lib/thumb/v7e-m+fp/hard/libm.a(libm_a-math_errf.o)
                0x08013400                __math_oflowf
 .text.__ieee754_logf
                0x0801340c      0x1f4 /opt/armgcc/arm-gnu-toolchain-13.3.rel1-x86_64-arm-none-eabi/bin/../lib/gcc/arm-none-eabi/13.3.1/../../../../arm-none-eabi/lib/thumb/v7e-m+fp/hard/libm.a(libm_a-ef_log.o)
                0x0801340c                __ieee754_logf
 .text.cabsf    0x08013600       0x38 /opt/armgcc/arm-gnu-toolchain-13.3.rel1-x86_64-arm-none-eabi/bin/../lib/gcc/arm-none-eabi/13.3.1/../../../../arm-none-eabi/lib/thumb/v7e-m+fp/hard/libm.a(libm_a-cabsf.o)
                0x08013600                cabsf
 .text.cimagf   0x08013638        0x8 /opt/armgcc/arm-gnu-toolchain-13.3.rel1-x86_64-arm-none-eabi/bin/../lib/gcc/arm-none-eabi/13.3.1/../../../../arm-none-eabi/lib/thumb/v7e-m+fp/hard/libm.a(libm_a-cimagf.o)
                0x08013638                cimagf
 .text.hypotf   0x08013640       0x50 /opt/armgcc/arm-gnu-toolchain-13.3.rel1-x86_64-arm-none-eabi/bin/../lib/gcc/arm-none-eabi/13.3.1/../../../../arm-none-eabi/lib/thumb/v7e-m+fp/hard/libm.a(libm_a-wf_hypot.o)
                0x08013640                hypotf
 .text.cexpf    0x08013690       0x6c /opt/armgcc/arm-gnu-toolchain-13.3.rel1-x86_64-arm-none-eabi/bin/../lib/gcc/arm-none-eabi/13.3.1/../../../../arm-none-eabi/lib/thumb/v7e-m+fp/hard/libm.a(libm_a-cexpf.o)
                0x08013690                cexpf
 .text.__ieee754_hypotf
                0x080136fc      0x124 /opt/armgcc/arm-gnu-toolchain-13.3.rel1-x86_64-arm-none-eabi/bin/../lib/gcc/arm-none-eabi/13.3.1/../../../../arm-none-eabi/lib/thumb/v7e-m+fp/hard/libm.a(libm_a-ef_hypot.o)
                0x080136fc                __ieee754_hypotf
 .text.crealf   0x08013820        0x4 /opt/armgcc/arm-gnu-toolchain-13.3.rel1-x86_64-arm-none-eabi/bin/../lib/gcc/arm-none-eabi/13.3.1/../../../../arm-none-eabi/lib/thumb/v7e-m+fp/hard/libm.a(libm_a-crealf.o)
                0x08013820                crealf
 .text.atanf    0x08013824      0x1ac /opt/armgcc/arm-gnu-toolchain-13.3.rel1-x86_64-arm-none-eabi/bin/../lib/gcc/arm-none-eabi/13.3.1/../../../../arm-none-eabi/lib/thumb/v7e-m+fp/hard/libm.a(libm_a-sf_atan.o)
                0x08013824                atanf
 .text.__errno  0x080139d0        0xc /opt/armgcc/arm-gnu-toolchain-13.3.rel1-x86_64-arm-none-eabi/bin/../lib/gcc/arm-none-eabi/13.3.1/../../../../arm-none-eabi/lib/thumb/v7e-m+fp/hard/libc_nano.a(libc_a-errno.o)
                0x080139d0                __errno
 .text.__libc_init_array
                0x080139dc       0x48 /opt/armgcc/arm-gnu-toolchain-13.3.rel1-x86_64-arm-none-eabi/bin/../lib/gcc/arm-none-eabi/13.3.1/../../../../arm-none-eabi/lib/thumb/v7e-m+fp/hard/libc_nano.a(libc_a-init.o)
                0x080139dc                __libc_init_array
 .text.memset   0x08013a24       0x10 /opt/armgcc/arm-gnu-toolchain-13.3.rel1-x86_64-arm-none-eabi/bin/../lib/gcc/arm-none-eabi/13.3.1/../../../../arm-none-eabi/lib/thumb/v7e-m+fp/hard/libc_nano.a(libc_a-memset.o)
                0x08013a24                memset
 .text.__retarget_lock_acquire_recursive
                0x08013a34        0x2 /opt/armgcc/arm-gnu-toolchain-13.3.rel1-x86_64-arm-none-eabi/bin/../lib/gcc/arm-none-eabi/13.3.1/../../../../arm-none-eabi/lib/thumb/v7e-m+fp/hard/libc_nano.a(libc_a-lock.o)
                0x08013a34                __retarget_lock_acquire_recursive
 .text.__retarget_lock_release_recursive
                0x08013a36        0x2 /opt/armgcc/arm-gnu-toolchain-13.3.rel1-x86_64-arm-none-eabi/bin/../lib/gcc/arm-none-eabi/13.3.1/../../../../arm-none-eabi/lib/thumb/v7e-m+fp/hard/libc_nano.a(libc_a-lock.o)
                0x08013a36                __retarget_lock_release_recursive
 .text.sbrk_aligned
                0x08013a38       0x44 /opt/armgcc/arm-gnu-toolchain-13.3.rel1-x86_64-arm-none-eabi/bin/../lib/gcc/arm-none-eabi/13.3.1/../../../../arm-none-eabi/lib/thumb/v7e-m+fp/hard/libc_nano.a(libc_a-mallocr.o)
 .text._malloc_r
                0x08013a7c      0x100 /opt/armgcc/arm-gnu-toolchain-13.3.rel1-x86_64-arm-none-eabi/bin/../lib/gcc/arm-none-eabi/13.3.1/../../../../arm-none-eabi/lib/thumb/v7e-m+fp/hard/libc_nano.a(libc_a-mallocr.o)
                0x08013a7c                _malloc_r
 .text.__malloc_lock
                0x08013b7c        0xc /opt/armgcc/arm-gnu-toolchain-13.3.rel1-x86_64-arm-none-eabi/bin/../lib/gcc/arm-none-eabi/13.3.1/../../../../arm-none-eabi/lib/thumb/v7e-m+fp/hard/libc_nano.a(libc_a-mlock.o)
                0x08013b7c                __malloc_lock
 .text.__malloc_unlock
                0x08013b88        0xc /opt/armgcc/arm-gnu-toolchain-13.3.rel1-x86_64-arm-none-eabi/bin/../lib/gcc/arm-none-eabi/13.3.1/../../../../arm-none-eabi/lib/thumb/v7e-m+fp/hard/libc_nano.a(libc_a-mlock.o)
                0x08013b88                __malloc_unlock
 .text._sbrk_r  0x08013b94       0x20 /opt/armgcc/arm-gnu-toolchain-13.3.rel1-x86_64-arm-none-eabi/bin/../lib/gcc/arm-none-eabi/13.3.1/../../../../arm-none-eabi/lib/thumb/v7e-m+fp/hard/libc_nano.a(libc_a-sbrkr.o)
                0x08013b94                _sbrk_r
 .text._free_r  0x08013bb4       0x94 /opt/armgcc/arm-gnu-toolchain-13.3.rel1-x86_64-arm-none-eabi/bin/../lib/gcc/arm-none-eabi/13.3.1/../../../../arm-none-eabi/lib/thumb/v7e-m+fp/hard/libc_nano.a(libc_a-freer.o)
                0x08013bb4                _free_r
 .text.memmove  0x08013c48       0x34 /opt/armgcc/arm-gnu-toolchain-13.3.rel1-x86_64-arm-none-eabi/bin/../lib/gcc/arm-none-eabi/13.3.1/../../../../arm-none-eabi/lib/thumb/v7e-m+fp/hard/libc_nano.a(libc_a-memmove.o)
                0x08013c48                memmove
 .text.memcpy   0x08013c7c       0x1c /opt/armgcc/arm-gnu-toolchain-13.3.rel1-x86_64-arm-none-eabi/bin/../lib/gcc/arm-none-eabi/13.3.1/../../../../arm-none-eabi/lib/thumb/v7e-m+fp/hard/libc_nano.a(libc_a-memcpy-stub.o)
                0x08013c7c                memcpy
 .text.malloc   0x08013c98       0x10 /opt/armgcc/arm-gnu-toolchain-13.3.rel1-x86_64-arm-none-eabi/bin/../lib/gcc/arm-none-eabi/13.3.1/../../../../arm-none-eabi/lib/thumb/v7e-m+fp/hard/libc_nano.a(libc_a-malloc.o)
                0x08013c98                malloc
 .text.free     0x08013ca8       0x10 /opt/armgcc/arm-gnu-toolchain-13.3.rel1-x86_64-arm-none-eabi/bin/../lib/gcc/arm-none-eabi/13.3.1/../../../../arm-none-eabi/lib/thumb/v7e-m+fp/hard/libc_nano.a(libc_a-malloc.o)
                0x08013ca8                free
 .text.out_func
                0x08013cb8       0x28 out/lib/libwrapprintf.a(acc_wrap_printf.o)
 .text.__wrap_puts
                0x08013ce0       0x24 out/lib/libwrapprintf.a(acc_wrap_printf.o)
                0x08013ce0                __wrap_puts
 .text.__wrap_printf
                0x08013d04       0x4c out/lib/libwrapprintf.a(acc_wrap_printf.o)
                0x08013d04                __wrap_printf
 .text.__wrap_vsnprintf
                0x08013d50        0x4 out/lib/libwrapprintf.a(acc_wrap_printf.o)
                0x08013d50                __wrap_vsnprintf
 .text._out_buffer
                0x08013d54        0x8 out/lib/libwrapprintf.a(printf.o)
 .text._out_null
                0x08013d5c        0x4 out/lib/libwrapprintf.a(printf.o)
 .text._ntoa_format
                0x08013d60      0x40c out/lib/libwrapprintf.a(printf.o)
 .text._ntoa_long
                0x0801416c       0x94 out/lib/libwrapprintf.a(printf.o)
 .text._ntoa_long_long
                0x08014200       0xc0 out/lib/libwrapprintf.a(printf.o)
 .text._out_fct
                0x080142c0        0xc out/lib/libwrapprintf.a(printf.o)
 .text._vsnprintf
                0x080142cc      0x510 out/lib/libwrapprintf.a(printf.o)
 .text.vsnprintf_
                0x080147dc       0x20 out/lib/libwrapprintf.a(printf.o)
                0x080147dc                vsnprintf_
 .text.fctvprintf
                0x080147fc       0x24 out/lib/libwrapprintf.a(printf.o)
                0x080147fc                fctvprintf
 .text.__mulsc3
                0x08014820      0x2cc /opt/armgcc/arm-gnu-toolchain-13.3.rel1-x86_64-arm-none-eabi/bin/../lib/gcc/arm-none-eabi/13.3.1/thumb/v7e-m+fp/hard/libgcc.a(_mulsc3.o)
                0x08014820                __mulsc3
 .text.__fixunssfdi
                0x08014aec       0x40 /opt/armgcc/arm-gnu-toolchain-13.3.rel1-x86_64-arm-none-eabi/bin/../lib/gcc/arm-none-eabi/13.3.1/thumb/v7e-m+fp/hard/libgcc.a(_fixunssfdi.o)
                0x08014aec                __aeabi_f2ulz
                0x08014aec                __fixunssfdi
 .text.__udivmoddi4
                0x08014b2c      0x2bc /opt/armgcc/arm-gnu-toolchain-13.3.rel1-x86_64-arm-none-eabi/bin/../lib/gcc/arm-none-eabi/13.3.1/thumb/v7e-m+fp/hard/libgcc.a(_udivmoddi4.o)
                0x08014b2c                __udivmoddi4
 *(.glue_7)
 .glue_7        0x08014de8        0x0 linker stubs
 *(.glue_7t)
 .glue_7t       0x08014de8        0x0 linker stubs
 *(.eh_frame)
 .eh_frame      0x08014de8        0x0 /opt/armgcc/arm-gnu-toolchain-13.3.rel1-x86_64-arm-none-eabi/bin/../lib/gcc/arm-none-eabi/13.3.1/thumb/v7e-m+fp/hard/crtbegin.o
 *(.init)
 .init          0x08014de8        0x4 /opt/armgcc/arm-gnu-toolchain-13.3.rel1-x86_64-arm-none-eabi/bin/../lib/gcc/arm-none-eabi/13.3.1/thumb/v7e-m+fp/hard/crti.o
                0x08014de8                _init
 .init          0x08014dec        0x8 /opt/armgcc/arm-gnu-toolchain-13.3.rel1-x86_64-arm-none-eabi/bin/../lib/gcc/arm-none-eabi/13.3.1/thumb/v7e-m+fp/hard/crtn.o
 *(.fini)
 .fini          0x08014df4        0x4 /opt/armgcc/arm-gnu-toolchain-13.3.rel1-x86_64-arm-none-eabi/bin/../lib/gcc/arm-none-eabi/13.3.1/thumb/v7e-m+fp/hard/crti.o
                0x08014df4                _fini
 .fini          0x08014df8        0x8 /opt/armgcc/arm-gnu-toolchain-13.3.rel1-x86_64-arm-none-eabi/bin/../lib/gcc/arm-none-eabi/13.3.1/thumb/v7e-m+fp/hard/crtn.o
                0x08014e00                        . = ALIGN (0x8)
                0x08014e00                        _etext = .

.vfp11_veneer   0x08014e00        0x0
 .vfp11_veneer  0x08014e00        0x0 linker stubs

.v4_bx          0x08014e00        0x0
 .v4_bx         0x08014e00        0x0 linker stubs

.iplt           0x08014e00        0x0
 .iplt          0x08014e00        0x0 /opt/armgcc/arm-gnu-toolchain-13.3.rel1-x86_64-arm-none-eabi/bin/../lib/gcc/arm-none-eabi/13.3.1/thumb/v7e-m+fp/hard/crtbegin.o

.rodata         0x08014e00     0x5e70
                0x08014e00                        . = ALIGN (0x8)
 *(.rodata)
 .rodata        0x08014e00      0x36c /tmp/ccTx0au6.ltrans0.ltrans.o
                0x08014e5c                CSWTCH.8.lto_priv.0
                0x08014ec4                CSWTCH.6.lto_priv.0
                0x08015168                log_funcs.lto_priv.0
 .rodata        0x0801516c     0x3d44 /tmp/ccTx0au6.ltrans1.ltrans.o
                0x08015298                acc_cpd_a121_meas_session_parameters_patch_table.0.lto_priv.0
                0x0801537c                acc_image_a121_r1a_meas_session_param_table.242.lto_priv.0
                0x08015c5c                acc_module_lut_array_sparse_iq
                0x08015e40                vio_level_ref_list.241.lto_priv.0
                0x08015e44                vga_ctrl_ss3_ref_list.240.lto_priv.0
                0x08015e48                vga_ctrl_ss2_ref_list.239.lto_priv.0
                0x08015e4c                vga_ctrl_ss1_ref_list.238.lto_priv.0
                0x08015e50                vga_ctrl_ss0_ref_list.237.lto_priv.0
                0x08015e54                vga_bba_ctrl_ss3_ref_list.236.lto_priv.0
                0x08015e58                vga_bba_ctrl_ss2_ref_list.235.lto_priv.0
                0x08015e5c                vga_bba_ctrl_ss1_ref_list.234.lto_priv.0
                0x08015e60                vga_bba_ctrl_ss0_ref_list.233.lto_priv.0
                0x08015e64                vfast2_ldo_on_level_ref_list.232.lto_priv.0
                0x08015e68                vco_cbank_value_ref_list.231.lto_priv.0
                0x08015e6c                vco_bias_value_ref_list.230.lto_priv.0
                0x08015e70                tx_trig_wg_width_ss3_ref_list.229.lto_priv.0
                0x08015e74                tx_trig_wg_width_ss2_ref_list.228.lto_priv.0
                0x08015e78                tx_trig_wg_width_ss1_ref_list.227.lto_priv.0
                0x08015e7c                tx_trig_wg_width_ss0_ref_list.226.lto_priv.0
                0x08015e80                tx_trig_wg_width_en_ss3_ref_list.225.lto_priv.0
                0x08015e84                tx_trig_wg_width_en_ss2_ref_list.224.lto_priv.0
                0x08015e88                tx_trig_wg_width_en_ss1_ref_list.223.lto_priv.0
                0x08015e8c                tx_trig_wg_width_en_ss0_ref_list.222.lto_priv.0
                0x08015e90                tx_trig_wg_rst_en_ss3_ref_list.221.lto_priv.0
                0x08015e94                tx_trig_wg_rst_en_ss2_ref_list.220.lto_priv.0
                0x08015e98                tx_trig_wg_rst_en_ss1_ref_list.219.lto_priv.0
                0x08015e9c                tx_trig_wg_rst_en_ss0_ref_list.218.lto_priv.0
                0x08015ea0                tx_trig_ps_width_ss3_ref_list.217.lto_priv.0
                0x08015ea4                tx_trig_ps_width_ss2_ref_list.216.lto_priv.0
                0x08015ea8                tx_trig_ps_width_ss1_ref_list.215.lto_priv.0
                0x08015eac                tx_trig_ps_width_ss0_ref_list.214.lto_priv.0
                0x08015eb0                tx_trig_ps_rst_en_ss3_ref_list.213.lto_priv.0
                0x08015eb4                tx_trig_ps_rst_en_ss2_ref_list.212.lto_priv.0
                0x08015eb8                tx_trig_ps_rst_en_ss1_ref_list.211.lto_priv.0
                0x08015ebc                tx_trig_ps_rst_en_ss0_ref_list.210.lto_priv.0
                0x08015ec0                tx_trig_ps_delay_ss3_ref_list.209.lto_priv.0
                0x08015ec4                tx_trig_ps_delay_ss2_ref_list.208.lto_priv.0
                0x08015ec8                tx_trig_ps_delay_ss1_ref_list.207.lto_priv.0
                0x08015ecc                tx_trig_ps_delay_ss0_ref_list.206.lto_priv.0
                0x08015ed0                tx_sequence_extension_bits_ss3_ref_list.205.lto_priv.0
                0x08015ed4                tx_sequence_extension_bits_ss2_ref_list.204.lto_priv.0
                0x08015ed8                tx_sequence_extension_bits_ss1_ref_list.203.lto_priv.0
                0x08015edc                tx_sequence_extension_bits_ss0_ref_list.202.lto_priv.0
                0x08015ee0                tx_sequence_15_0_ss3_ref_list.201.lto_priv.0
                0x08015ee4                tx_sequence_15_0_ss2_ref_list.200.lto_priv.0
                0x08015ee8                tx_sequence_15_0_ss1_ref_list.199.lto_priv.0
                0x08015eec                tx_sequence_15_0_ss0_ref_list.198.lto_priv.0
                0x08015ef0                tx_ps_stages_ctrl_ss3_ref_list.197.lto_priv.0
                0x08015ef4                tx_ps_stages_ctrl_ss2_ref_list.196.lto_priv.0
                0x08015ef8                tx_ps_stages_ctrl_ss1_ref_list.195.lto_priv.0
                0x08015efc                tx_ps_stages_ctrl_ss0_ref_list.194.lto_priv.0
                0x08015f00                tx_ps_ref_ctrl_ss3_ref_list.193.lto_priv.0
                0x08015f04                tx_ps_ref_ctrl_ss2_ref_list.192.lto_priv.0
                0x08015f08                tx_ps_ref_ctrl_ss1_ref_list.191.lto_priv.0
                0x08015f0c                tx_ps_ref_ctrl_ss0_ref_list.190.lto_priv.0
                0x08015f10                tx_ps_ref_bypass_diode_en_ss3_ref_list.189.lto_priv.0
                0x08015f14                tx_ps_ref_bypass_diode_en_ss2_ref_list.188.lto_priv.0
                0x08015f18                tx_ps_ref_bypass_diode_en_ss1_ref_list.187.lto_priv.0
                0x08015f1c                tx_ps_ref_bypass_diode_en_ss0_ref_list.186.lto_priv.0
                0x08015f20                tx_freq_ctrl_ref_list.185.lto_priv.0
                0x08015f28                tx_en_ss3_ref_list.184.lto_priv.0
                0x08015f3c                tx_en_ss2_ref_list.183.lto_priv.0
                0x08015f50                tx_en_ss1_ref_list.182.lto_priv.0
                0x08015f64                tx_en_ss0_ref_list.181.lto_priv.0
                0x08015f78                tx_duration_ss3_ref_list.180.lto_priv.0
                0x08015f7c                tx_duration_ss2_ref_list.179.lto_priv.0
                0x08015f80                tx_duration_ss1_ref_list.178.lto_priv.0
                0x08015f84                tx_duration_ss0_ref_list.177.lto_priv.0
                0x08015f88                tor_settling_time_ref_list.176.lto_priv.0
                0x08015f8c                tor_en_ss3_ref_list.175.lto_priv.0
                0x08015f94                tor_en_ss2_ref_list.174.lto_priv.0
                0x08015f9c                tor_en_ss1_ref_list.173.lto_priv.0
                0x08015fa4                tor_en_ss0_ref_list.172.lto_priv.0
                0x08015fac                thresh2_ref_list.171.lto_priv.0
                0x08015fb0                thresh1_ref_list.170.lto_priv.0
                0x08015fb4                tail_rx_fine_base_ss3_ref_list.169.lto_priv.0
                0x08015fb8                tail_rx_fine_base_ss2_ref_list.168.lto_priv.0
                0x08015fbc                tail_rx_fine_base_ss1_ref_list.167.lto_priv.0
                0x08015fc0                tail_rx_fine_base_ss0_ref_list.166.lto_priv.0
                0x08015fc4                sys_div_range_ref_list.165.lto_priv.0
                0x08015fc8                sys_div_b_ref_list.164.lto_priv.0
                0x08015fcc                sys_div_a_ref_list.163.lto_priv.0
                0x08015fd0                sweep_repeats_run_ref_list.162.lto_priv.0
                0x08015fd4                sweep_repeats_ref_list.161.lto_priv.0
                0x08015fd8                sweep_rate_ref_clk_31_16_ref_list.160.lto_priv.0
                0x08015fdc                sweep_rate_ref_clk_15_0_ref_list.159.lto_priv.0
                0x08015fe0                sweep_rate_en_ref_list.158.lto_priv.0
                0x08015ff4                rx_sequence_extension_bits_ss3_ref_list.157.lto_priv.0
                0x08015ff8                rx_sequence_extension_bits_ss2_ref_list.156.lto_priv.0
                0x08015ffc                rx_sequence_extension_bits_ss1_ref_list.155.lto_priv.0
                0x08016000                rx_sequence_extension_bits_ss0_ref_list.154.lto_priv.0
                0x08016004                rx_sequence_15_0_ss3_ref_list.153.lto_priv.0
                0x08016008                rx_sequence_15_0_ss2_ref_list.152.lto_priv.0
                0x0801600c                rx_sequence_15_0_ss1_ref_list.151.lto_priv.0
                0x08016010                rx_sequence_15_0_ss0_ref_list.150.lto_priv.0
                0x08016014                rx_freq_ctrl_ref_list.149.lto_priv.0
                0x0801601c                rx_duration_ss3_ref_list.148.lto_priv.0
                0x08016020                rx_duration_ss2_ref_list.147.lto_priv.0
                0x08016024                rx_duration_ss1_ref_list.146.lto_priv.0
                0x08016028                rx_duration_ss0_ref_list.145.lto_priv.0
                0x0801602c                rx_coarse_ss3_ref_list.144.lto_priv.0
                0x08016030                rx_coarse_ss2_ref_list.143.lto_priv.0
                0x08016034                rx_coarse_ss1_ref_list.142.lto_priv.0
                0x08016038                rx_coarse_ss0_ref_list.141.lto_priv.0
                0x0801603c                run_subsweep_3_ref_list.140.lto_priv.0
                0x08016048                run_subsweep_2_ref_list.139.lto_priv.0
                0x08016054                run_subsweep_1_ref_list.138.lto_priv.0
                0x08016060                run_subsweep_0_ref_list.137.lto_priv.0
                0x08016074                run_generate_probe_ref_list.136.lto_priv.0
                0x0801607c                run_cca_measurement_ref_list.135.lto_priv.0
                0x08016080                probe_tx_ps_ref_ctrl_ref_list.134.lto_priv.0
                0x08016084                probe_tx_en_ref_list.133.lto_priv.0
                0x08016098                probe_duty_cycle_ref_list.132.lto_priv.0
                0x0801609c                probe_burst_period_ref_list.131.lto_priv.0
                0x080160a0                point_repeats_ss3_ref_list.130.lto_priv.0
                0x080160a4                point_repeats_ss2_ref_list.129.lto_priv.0
                0x080160a8                point_repeats_ss1_ref_list.128.lto_priv.0
                0x080160ac                point_repeats_ss0_ref_list.127.lto_priv.0
                0x080160b0                pll_vcobuffer_iref_ctrl_value_ref_list.126.lto_priv.0
                0x080160b4                pll_mmd_range_ref_list.125.lto_priv.0
                0x080160b8                pll_mmd_b_ref_list.124.lto_priv.0
                0x080160bc                pll_mmd_a_ref_list.123.lto_priv.0
                0x080160c0                pll_cpmp_ictrl_value_ref_list.122.lto_priv.0
                0x080160c4                pa_sequence_15_0_ss3_ref_list.121.lto_priv.0
                0x080160c8                pa_sequence_15_0_ss2_ref_list.120.lto_priv.0
                0x080160cc                pa_sequence_15_0_ss1_ref_list.119.lto_priv.0
                0x080160d0                pa_sequence_15_0_ss0_ref_list.118.lto_priv.0
                0x080160d4                osc_en_ref_list.117.lto_priv.0
                0x080160d8                osc_bypass_ref_list.116.lto_priv.0
                0x080160dc                mid_coarse_run_ss3_ref_list.115.lto_priv.0
                0x080160e0                mid_coarse_run_ss2_ref_list.114.lto_priv.0
                0x080160e4                mid_coarse_run_ss1_ref_list.113.lto_priv.0
                0x080160e8                mid_coarse_run_ss0_ref_list.112.lto_priv.0
                0x080160ec                mid_coarse_repeats_ss3_ref_list.111.lto_priv.0
                0x080160f0                mid_coarse_repeats_ss2_ref_list.110.lto_priv.0
                0x080160f4                mid_coarse_repeats_ss1_ref_list.109.lto_priv.0
                0x080160f8                mid_coarse_repeats_ss0_ref_list.108.lto_priv.0
                0x080160fc                mid_coarse_atom_repeats_ss3_ref_list.107.lto_priv.0
                0x08016100                mid_coarse_atom_repeats_ss2_ref_list.106.lto_priv.0
                0x08016104                mid_coarse_atom_repeats_ss1_ref_list.105.lto_priv.0
                0x08016108                mid_coarse_atom_repeats_ss0_ref_list.104.lto_priv.0
                0x0801610c                measure_point_repeats_ss3_ref_list.103.lto_priv.0
                0x08016110                measure_point_repeats_ss2_ref_list.102.lto_priv.0
                0x08016114                measure_point_repeats_ss1_ref_list.101.lto_priv.0
                0x08016118                measure_point_repeats_ss0_ref_list.100.lto_priv.0
                0x0801611c                lna1_en_ss3_ref_list.99.lto_priv.0
                0x08016130                lna1_en_ss2_ref_list.98.lto_priv.0
                0x08016144                lna1_en_ss1_ref_list.97.lto_priv.0
                0x08016158                lna1_en_ss0_ref_list.96.lto_priv.0
                0x0801616c                last_coarse_run_ss3_ref_list.95.lto_priv.0
                0x08016170                last_coarse_run_ss2_ref_list.94.lto_priv.0
                0x08016174                last_coarse_run_ss1_ref_list.93.lto_priv.0
                0x08016178                last_coarse_run_ss0_ref_list.92.lto_priv.0
                0x0801617c                last_coarse_atom_repeats_ss3_ref_list.91.lto_priv.0
                0x08016180                last_coarse_atom_repeats_ss2_ref_list.90.lto_priv.0
                0x08016184                last_coarse_atom_repeats_ss1_ref_list.89.lto_priv.0
                0x08016188                last_coarse_atom_repeats_ss0_ref_list.88.lto_priv.0
                0x0801618c                jump_2_in_lut_ss3_ref_list.87.lto_priv.0
                0x08016190                jump_2_in_lut_ss2_ref_list.86.lto_priv.0
                0x08016194                jump_2_in_lut_ss1_ref_list.85.lto_priv.0
                0x08016198                jump_2_in_lut_ss0_ref_list.84.lto_priv.0
                0x0801619c                jump_1_in_lut_ss3_ref_list.83.lto_priv.0
                0x080161a0                jump_1_in_lut_ss2_ref_list.82.lto_priv.0
                0x080161a4                jump_1_in_lut_ss1_ref_list.81.lto_priv.0
                0x080161a8                jump_1_in_lut_ss0_ref_list.80.lto_priv.0
                0x080161ac                jump_0_in_lut_ss3_ref_list.79.lto_priv.0
                0x080161b0                jump_0_in_lut_ss2_ref_list.78.lto_priv.0
                0x080161b4                jump_0_in_lut_ss1_ref_list.77.lto_priv.0
                0x080161b8                jump_0_in_lut_ss0_ref_list.76.lto_priv.0
                0x080161bc                inter_sweep_idle_state_sleep_en_ref_list.75.lto_priv.0
                0x080161d0                inter_sweep_idle_state_deep_sleep_en_ref_list.74.lto_priv.0
                0x080161e4                inter_frame_idle_state_sleep_en_ref_list.73.lto_priv.0
                0x0801620c                inter_frame_idle_state_deep_sleep_en_ref_list.72.lto_priv.0
                0x08016230                integrator_ctrl_ss3_ref_list.71.lto_priv.0
                0x08016234                integrator_ctrl_ss2_ref_list.70.lto_priv.0
                0x08016238                integrator_ctrl_ss1_ref_list.69.lto_priv.0
                0x0801623c                integrator_ctrl_ss0_ref_list.68.lto_priv.0
                0x08016240                integration_repeats_ss3_ref_list.67.lto_priv.0
                0x08016254                integration_repeats_ss2_ref_list.66.lto_priv.0
                0x08016268                integration_repeats_ss1_ref_list.65.lto_priv.0
                0x0801627c                integration_repeats_ss0_ref_list.64.lto_priv.0
                0x08016290                init_tx_coarse_ss3_ref_list.63.lto_priv.0
                0x08016294                init_tx_coarse_ss2_ref_list.62.lto_priv.0
                0x08016298                init_tx_coarse_ss1_ref_list.61.lto_priv.0
                0x0801629c                init_tx_coarse_ss0_ref_list.60.lto_priv.0
                0x080162a0                high_speed_mode_ref_list.59.lto_priv.0
                0x080162b4                head_rx_fine_base_ss3_ref_list.58.lto_priv.0
                0x080162b8                head_rx_fine_base_ss2_ref_list.57.lto_priv.0
                0x080162bc                head_rx_fine_base_ss1_ref_list.56.lto_priv.0
                0x080162c0                head_rx_fine_base_ss0_ref_list.55.lto_priv.0
                0x080162c4                gpio_slew_rate_ref_list.54.lto_priv.0
                0x080162cc                gpio_drivestrength_ref_list.53.lto_priv.0
                0x080162d4                free_running_en_ref_list.52.lto_priv.0
                0x080162d8                frame_rate_sync_to_sweep_en_ref_list.51.lto_priv.0
                0x080162e4                frame_rate_ref_clk_31_16_ref_list.50.lto_priv.0
                0x080162e8                frame_rate_ref_clk_15_0_ref_list.49.lto_priv.0
                0x080162ec                frame_rate_en_ref_list.48.lto_priv.0
                0x080162fc                frame_double_buffer_ref_list.47.lto_priv.0
                0x08016308                first_coarse_run_ss3_ref_list.46.lto_priv.0
                0x0801630c                first_coarse_run_ss2_ref_list.45.lto_priv.0
                0x08016310                first_coarse_run_ss1_ref_list.44.lto_priv.0
                0x08016314                first_coarse_run_ss0_ref_list.43.lto_priv.0
                0x08016318                first_coarse_atom_repeats_ss3_ref_list.42.lto_priv.0
                0x0801631c                first_coarse_atom_repeats_ss2_ref_list.41.lto_priv.0
                0x08016320                first_coarse_atom_repeats_ss1_ref_list.40.lto_priv.0
                0x08016324                first_coarse_atom_repeats_ss0_ref_list.39.lto_priv.0
                0x08016328                extra_probe_count_ref_list.38.lto_priv.0
                0x0801632c                enable_fast_retiming_ref_list.37.lto_priv.0
                0x08016330                duty_cycle_ss3_ref_list.36.lto_priv.0
                0x08016334                duty_cycle_ss2_ref_list.35.lto_priv.0
                0x08016338                duty_cycle_ss1_ref_list.34.lto_priv.0
                0x0801633c                duty_cycle_ss0_ref_list.33.lto_priv.0
                0x08016340                done_intr_on_error_ref_list.32.lto_priv.0
                0x0801634c                disable_probe_only_ref_list.31.lto_priv.0
                0x08016354                delay_vcobuffer_bias_ctrl_value_ref_list.30.lto_priv.0
                0x08016358                delay_limiter_buffer_bias_ctrl_value_ref_list.29.lto_priv.0
                0x0801635c                delay_interpolator_bias_ctrl_value_ref_list.28.lto_priv.0
                0x08016360                delay_cbank_value_ref_list.27.lto_priv.0
                0x08016364                delay_4_us_ref_clk_ref_list.26.lto_priv.0
                0x08016368                delay_300_us_ref_clk_ref_list.25.lto_priv.0
                0x0801636c                delay_1_us_ref_clk_ref_list.24.lto_priv.0
                0x08016374                coarse_incr_repeats_ss3_ref_list.23.lto_priv.0
                0x08016378                coarse_incr_repeats_ss2_ref_list.22.lto_priv.0
                0x0801637c                coarse_incr_repeats_ss1_ref_list.21.lto_priv.0
                0x08016380                coarse_incr_repeats_ss0_ref_list.20.lto_priv.0
                0x08016384                cluster_pair_in_buf_ref_list.19.lto_priv.0
                0x08016404                check_pll_lock_detection_ref_list.18.lto_priv.0
                0x08016408                cca_bba_cal_ctrl_ref_list.17.lto_priv.0
                0x0801640c                burst_period_ss3_ref_list.16.lto_priv.0
                0x08016410                burst_period_ss2_ref_list.15.lto_priv.0
                0x08016414                burst_period_ss1_ref_list.14.lto_priv.0
                0x08016418                burst_period_ss0_ref_list.13.lto_priv.0
                0x0801641c                bufsat_upper_limit_ref_list.12.lto_priv.0
                0x08016420                bufsat_lower_limit_ref_list.11.lto_priv.0
                0x08016424                bba_cal_ctrl_ss3_ref_list.10.lto_priv.0
                0x08016428                bba_cal_ctrl_ss2_ref_list.9.lto_priv.0
                0x0801642c                bba_cal_ctrl_ss1_ref_list.8.lto_priv.0
                0x08016430                bba_cal_ctrl_ss0_ref_list.7.lto_priv.0
                0x08016434                area3_rxcoarse_offset_ref_list.6.lto_priv.1
                0x08016438                area3_phase_ref_list.5.lto_priv.1
                0x0801643c                area2_rxcoarse_offset_ref_list.4.lto_priv.1
                0x08016440                area2_phase_ref_list.3.lto_priv.1
                0x08016444                area1_rxcoarse_offset_ref_list.2.lto_priv.1
                0x08016448                area1_phase_ref_list.1.lto_priv.1
                0x0801644c                adc_output_format_ref_list.0.lto_priv.1
 .rodata        0x08018eb0       0xca out/lib/libwrapprintf.a(acc_wrap_printf.o)
 *(.rodata*)
 .rodata.str1.4
                0x08018f7a      0x6df /tmp/ccTx0au6.ltrans0.ltrans.o
 .rodata.str1.4
                0x08018f7a     0x1247 /tmp/ccTx0au6.ltrans1.ltrans.o
 .rodata.str1.4
                0x08018f7a      0x164 /tmp/ccTx0au6.ltrans2.ltrans.o
 *fill*         0x08018f7a        0x2 
 .rodata.log10f.str1.4
                0x08018f7c     0x18ec /opt/armgcc/arm-gnu-toolchain-13.3.rel1-x86_64-arm-none-eabi/bin/../lib/gcc/arm-none-eabi/13.3.1/../../../../arm-none-eabi/lib/thumb/v7e-m+fp/hard/libm.a(libm_a-wf_log10.o)
                                  0x1 (size before relaxing)
 .rodata.npio2_hw
                0x0801a868       0x80 /opt/armgcc/arm-gnu-toolchain-13.3.rel1-x86_64-arm-none-eabi/bin/../lib/gcc/arm-none-eabi/13.3.1/../../../../arm-none-eabi/lib/thumb/v7e-m+fp/hard/libm.a(libm_a-ef_rem_pio2.o)
 .rodata.two_over_pi
                0x0801a8e8      0x318 /opt/armgcc/arm-gnu-toolchain-13.3.rel1-x86_64-arm-none-eabi/bin/../lib/gcc/arm-none-eabi/13.3.1/../../../../arm-none-eabi/lib/thumb/v7e-m+fp/hard/libm.a(libm_a-ef_rem_pio2.o)
 .rodata.PIo2   0x0801ac00       0x2c /opt/armgcc/arm-gnu-toolchain-13.3.rel1-x86_64-arm-none-eabi/bin/../lib/gcc/arm-none-eabi/13.3.1/../../../../arm-none-eabi/lib/thumb/v7e-m+fp/hard/libm.a(libm_a-kf_rem_pio2.o)
 .rodata.init_jk
                0x0801ac2c        0xc /opt/armgcc/arm-gnu-toolchain-13.3.rel1-x86_64-arm-none-eabi/bin/../lib/gcc/arm-none-eabi/13.3.1/../../../../arm-none-eabi/lib/thumb/v7e-m+fp/hard/libm.a(libm_a-kf_rem_pio2.o)
 .rodata.ln2LO  0x0801ac38        0x8 /opt/armgcc/arm-gnu-toolchain-13.3.rel1-x86_64-arm-none-eabi/bin/../lib/gcc/arm-none-eabi/13.3.1/../../../../arm-none-eabi/lib/thumb/v7e-m+fp/hard/libm.a(libm_a-ef_exp.o)
 .rodata.ln2HI  0x0801ac40        0x8 /opt/armgcc/arm-gnu-toolchain-13.3.rel1-x86_64-arm-none-eabi/bin/../lib/gcc/arm-none-eabi/13.3.1/../../../../arm-none-eabi/lib/thumb/v7e-m+fp/hard/libm.a(libm_a-ef_exp.o)
 .rodata.halF   0x0801ac48        0x8 /opt/armgcc/arm-gnu-toolchain-13.3.rel1-x86_64-arm-none-eabi/bin/../lib/gcc/arm-none-eabi/13.3.1/../../../../arm-none-eabi/lib/thumb/v7e-m+fp/hard/libm.a(libm_a-ef_exp.o)
 .rodata.atanlo
                0x0801ac50       0x10 /opt/armgcc/arm-gnu-toolchain-13.3.rel1-x86_64-arm-none-eabi/bin/../lib/gcc/arm-none-eabi/13.3.1/../../../../arm-none-eabi/lib/thumb/v7e-m+fp/hard/libm.a(libm_a-sf_atan.o)
 .rodata.atanhi
                0x0801ac60       0x10 /opt/armgcc/arm-gnu-toolchain-13.3.rel1-x86_64-arm-none-eabi/bin/../lib/gcc/arm-none-eabi/13.3.1/../../../../arm-none-eabi/lib/thumb/v7e-m+fp/hard/libm.a(libm_a-sf_atan.o)
 .rodata.__wrap_puts.str1.4
                0x0801ac70        0x2 out/lib/libwrapprintf.a(acc_wrap_printf.o)
                0x0801ac78                        . = ALIGN (0x8)

.ARM.extab      0x0801ac70        0x0
                0x0801ac70                        . = ALIGN (0x8)
 *(.ARM.extab* .gnu.linkonce.armextab.*)
                0x0801ac70                        . = ALIGN (0x8)

.ARM            0x0801ac70        0x8
                0x0801ac70                        . = ALIGN (0x8)
                0x0801ac70                        __exidx_start = .
 *(.ARM.exidx*)
 .ARM.exidx     0x0801ac70        0x8 /opt/armgcc/arm-gnu-toolchain-13.3.rel1-x86_64-arm-none-eabi/bin/../lib/gcc/arm-none-eabi/13.3.1/../../../../arm-none-eabi/lib/thumb/v7e-m+fp/hard/libc_nano.a(libc_a-strlen.o)
 .ARM.exidx.text.__udivmoddi4
                0x0801ac78        0x0 /opt/armgcc/arm-gnu-toolchain-13.3.rel1-x86_64-arm-none-eabi/bin/../lib/gcc/arm-none-eabi/13.3.1/thumb/v7e-m+fp/hard/libgcc.a(_udivmoddi4.o)
                                  0x8 (size before relaxing)
                0x0801ac78                        __exidx_end = .
                0x0801ac78                        . = ALIGN (0x8)

.rel.dyn        0x0801ac78        0x0
 .rel.iplt      0x0801ac78        0x0 /opt/armgcc/arm-gnu-toolchain-13.3.rel1-x86_64-arm-none-eabi/bin/../lib/gcc/arm-none-eabi/13.3.1/thumb/v7e-m+fp/hard/crtbegin.o

.preinit_array  0x0801ac78        0x0
                0x0801ac78                        . = ALIGN (0x8)
                0x0801ac78                        PROVIDE (__preinit_array_start = .)
 *(.preinit_array*)
                0x0801ac78                        PROVIDE (__preinit_array_end = .)
                0x0801ac78                        . = ALIGN (0x8)

.init_array     0x0801ac78        0x8
                0x0801ac78                        . = ALIGN (0x8)
                0x0801ac78                        PROVIDE (__init_array_start = .)
 *(SORT_BY_NAME(.init_array.*))
 *(.init_array*)
 .init_array    0x0801ac78        0x4 /opt/armgcc/arm-gnu-toolchain-13.3.rel1-x86_64-arm-none-eabi/bin/../lib/gcc/arm-none-eabi/13.3.1/thumb/v7e-m+fp/hard/crtbegin.o
                0x0801ac7c                        PROVIDE (__init_array_end = .)
                0x0801ac80                        . = ALIGN (0x8)
 *fill*         0x0801ac7c        0x4 

.fini_array     0x0801ac80        0x8
                0x0801ac80                        . = ALIGN (0x8)
                [!provide]                        PROVIDE (__fini_array_start = .)
 *(SORT_BY_NAME(.fini_array.*))
 *(.fini_array*)
 .fini_array    0x0801ac80        0x4 /opt/armgcc/arm-gnu-toolchain-13.3.rel1-x86_64-arm-none-eabi/bin/../lib/gcc/arm-none-eabi/13.3.1/thumb/v7e-m+fp/hard/crtbegin.o
                [!provide]                        PROVIDE (__fini_array_end = .)
                0x0801ac88                        . = ALIGN (0x8)
 *fill*         0x0801ac84        0x4 
                0x0801ac88                        _sidata = LOADADDR (.data)

.data           0x20000000       0x80 load address 0x0801ac88
                0x20000000                        . = ALIGN (0x8)
                0x20000000                        _sdata = .
 *(.data)
 .data          0x20000000        0xb /tmp/ccTx0au6.ltrans0.ltrans.o
                0x20000000                SystemCoreClock
                0x20000008                reg_address.lto_priv.0
 *fill*         0x2000000b        0x1 
 .data          0x2000000c       0x1f /tmp/ccTx0au6.ltrans1.ltrans.o
 *(.data*)
 *fill*         0x2000002b        0x1 
 .data._impure_ptr
                0x2000002c        0x4 /opt/armgcc/arm-gnu-toolchain-13.3.rel1-x86_64-arm-none-eabi/bin/../lib/gcc/arm-none-eabi/13.3.1/../../../../arm-none-eabi/lib/thumb/v7e-m+fp/hard/libc_nano.a(libc_a-impure.o)
                0x2000002c                _impure_ptr
 .data._impure_data
                0x20000030       0x4c /opt/armgcc/arm-gnu-toolchain-13.3.rel1-x86_64-arm-none-eabi/bin/../lib/gcc/arm-none-eabi/13.3.1/../../../../arm-none-eabi/lib/thumb/v7e-m+fp/hard/libc_nano.a(libc_a-impure.o)
                0x20000030                _impure_data
                0x20000080                        . = ALIGN (0x8)
 *fill*         0x2000007c        0x4 
                0x20000080                        _edata = .

.tm_clone_table
                0x20000080        0x0 load address 0x0801ad08
 .tm_clone_table
                0x20000080        0x0 /opt/armgcc/arm-gnu-toolchain-13.3.rel1-x86_64-arm-none-eabi/bin/../lib/gcc/arm-none-eabi/13.3.1/thumb/v7e-m+fp/hard/crtbegin.o
 .tm_clone_table
                0x20000080        0x0 /opt/armgcc/arm-gnu-toolchain-13.3.rel1-x86_64-arm-none-eabi/bin/../lib/gcc/arm-none-eabi/13.3.1/thumb/v7e-m+fp/hard/crtend.o

.igot.plt       0x20000080        0x0 load address 0x0801ad08
 .igot.plt      0x20000080        0x0 /opt/armgcc/arm-gnu-toolchain-13.3.rel1-x86_64-arm-none-eabi/bin/../lib/gcc/arm-none-eabi/13.3.1/thumb/v7e-m+fp/hard/crtbegin.o
                0x20000080                        . = ALIGN (0x4)

.bss            0x20000080      0x704 load address 0x0801ad08
                0x20000080                        _sbss = .
                0x20000080                        __bss_start__ = _sbss
 *(.bss)
 .bss           0x20000080      0x59c /tmp/ccTx0au6.ltrans0.ltrans.o
                0x20000080                reg_error_flags.lto_priv.0
                0x2000008c                detector_resources.lto_priv.0
                0x20000208                concrete_hal
                0x20000230                hspi1
                0x20000294                uwTick
                0x2000029c                rss_reference_frequency.lto_priv.0
                0x200002a0                log_level.lto_priv.0
                0x200002a1                reg_state.lto_priv.0
                0x200002a4                i2c_slave_buffer.lto_priv.0
                0x200002a8                hrtc
                0x200002cc                rtc_wakeup_triggered
                0x200002d0                hdma_spi1_rx
                0x20000318                hdma_spi1_tx
                0x200003f0                hi2c2
                0x20000448                reg_protocol_struct.lto_priv.0
                0x2000044c                reg_register_count.lto_priv.0
                0x200004d8                huart1
 *(.bss*)
 .bss.completed.1
                0x2000061c        0x1 /opt/armgcc/arm-gnu-toolchain-13.3.rel1-x86_64-arm-none-eabi/bin/../lib/gcc/arm-none-eabi/13.3.1/thumb/v7e-m+fp/hard/crtbegin.o
 *fill*         0x2000061d        0x3 
 .bss.object.0  0x20000620       0x18 /opt/armgcc/arm-gnu-toolchain-13.3.rel1-x86_64-arm-none-eabi/bin/../lib/gcc/arm-none-eabi/13.3.1/thumb/v7e-m+fp/hard/crtbegin.o
 .bss.__sbrk_heap_end
                0x20000638        0x4 out/obj/sysmem.o
 .bss.__sf      0x2000063c      0x138 /opt/armgcc/arm-gnu-toolchain-13.3.rel1-x86_64-arm-none-eabi/bin/../lib/gcc/arm-none-eabi/13.3.1/../../../../arm-none-eabi/lib/thumb/v7e-m+fp/hard/libc_nano.a(libc_a-findfp.o)
                0x2000063c                __sf
 .bss.__lock___malloc_recursive_mutex
                0x20000774        0x1 /opt/armgcc/arm-gnu-toolchain-13.3.rel1-x86_64-arm-none-eabi/bin/../lib/gcc/arm-none-eabi/13.3.1/../../../../arm-none-eabi/lib/thumb/v7e-m+fp/hard/libc_nano.a(libc_a-lock.o)
                0x20000774                __lock___malloc_recursive_mutex
 *fill*         0x20000775        0x3 
 .bss.__malloc_sbrk_start
                0x20000778        0x4 /opt/armgcc/arm-gnu-toolchain-13.3.rel1-x86_64-arm-none-eabi/bin/../lib/gcc/arm-none-eabi/13.3.1/../../../../arm-none-eabi/lib/thumb/v7e-m+fp/hard/libc_nano.a(libc_a-mallocr.o)
                0x20000778                __malloc_sbrk_start
 .bss.__malloc_free_list
                0x2000077c        0x4 /opt/armgcc/arm-gnu-toolchain-13.3.rel1-x86_64-arm-none-eabi/bin/../lib/gcc/arm-none-eabi/13.3.1/../../../../arm-none-eabi/lib/thumb/v7e-m+fp/hard/libc_nano.a(libc_a-mallocr.o)
                0x2000077c                __malloc_free_list
 .bss.errno     0x20000780        0x4 /opt/armgcc/arm-gnu-toolchain-13.3.rel1-x86_64-arm-none-eabi/bin/../lib/gcc/arm-none-eabi/13.3.1/../../../../arm-none-eabi/lib/thumb/v7e-m+fp/hard/libc_nano.a(libc_a-reent.o)
                0x20000780                errno
 *(COMMON)
                0x20000784                        . = ALIGN (0x4)
                0x20000784                        _ebss = .
                0x20000784                        __bss_end__ = _ebss

._user_heap_stack
                0x20000784     0x1604 load address 0x0801ad08
                0x20000788                        . = ALIGN (0x8)
 *fill*         0x20000784        0x4 
                [!provide]                        PROVIDE (end = .)
                0x20000788                        PROVIDE (_end = .)
                0x20000988                        . = (. + _Min_Heap_Size)
 *fill*         0x20000788      0x200 
                0x20001d88                        . = (. + _Min_Stack_Size)
 *fill*         0x20000988     0x1400 
                0x20001d88                        . = ALIGN (0x8)

/DISCARD/
 libc.a(*)
 libm.a(*)
 libgcc.a(*)

.ARM.attributes
                0x00000000       0x30
 *(.ARM.attributes)
 .ARM.attributes
                0x00000000       0x22 /opt/armgcc/arm-gnu-toolchain-13.3.rel1-x86_64-arm-none-eabi/bin/../lib/gcc/arm-none-eabi/13.3.1/thumb/v7e-m+fp/hard/crti.o
 .ARM.attributes
                0x00000022       0x34 /opt/armgcc/arm-gnu-toolchain-13.3.rel1-x86_64-arm-none-eabi/bin/../lib/gcc/arm-none-eabi/13.3.1/thumb/v7e-m+fp/hard/crtbegin.o
 .ARM.attributes
                0x00000056       0x32 /tmp/ccTx0au6.ltrans0.ltrans.o
 .ARM.attributes
                0x00000088       0x32 /tmp/ccTx0au6.ltrans1.ltrans.o
 .ARM.attributes
                0x000000ba       0x32 /tmp/ccTx0au6.ltrans2.ltrans.o
 .ARM.attributes
                0x000000ec       0x34 out/obj/syscalls.o
 .ARM.attributes
                0x00000120       0x21 out/obj/startup_stm32l431xx.o
 .ARM.attributes
                0x00000141       0x34 out/obj/sysmem.o
 .ARM.attributes
                0x00000175       0x34 /opt/armgcc/arm-gnu-toolchain-13.3.rel1-x86_64-arm-none-eabi/bin/../lib/gcc/arm-none-eabi/13.3.1/../../../../arm-none-eabi/lib/thumb/v7e-m+fp/hard/libm.a(libm_a-wf_log10.o)
 .ARM.attributes
                0x000001a9       0x34 /opt/armgcc/arm-gnu-toolchain-13.3.rel1-x86_64-arm-none-eabi/bin/../lib/gcc/arm-none-eabi/13.3.1/../../../../arm-none-eabi/lib/thumb/v7e-m+fp/hard/libm.a(libm_a-wf_pow.o)
 .ARM.attributes
                0x000001dd       0x34 /opt/armgcc/arm-gnu-toolchain-13.3.rel1-x86_64-arm-none-eabi/bin/../lib/gcc/arm-none-eabi/13.3.1/../../../../arm-none-eabi/lib/thumb/v7e-m+fp/hard/libm.a(libm_a-sf_sin.o)
 .ARM.attributes
                0x00000211       0x34 /opt/armgcc/arm-gnu-toolchain-13.3.rel1-x86_64-arm-none-eabi/bin/../lib/gcc/arm-none-eabi/13.3.1/../../../../arm-none-eabi/lib/thumb/v7e-m+fp/hard/libm.a(libm_a-sf_tan.o)
 .ARM.attributes
                0x00000245       0x34 /opt/armgcc/arm-gnu-toolchain-13.3.rel1-x86_64-arm-none-eabi/bin/../lib/gcc/arm-none-eabi/13.3.1/../../../../arm-none-eabi/lib/thumb/v7e-m+fp/hard/libm.a(libm_a-sf_floor.o)
 .ARM.attributes
                0x00000279       0x34 /opt/armgcc/arm-gnu-toolchain-13.3.rel1-x86_64-arm-none-eabi/bin/../lib/gcc/arm-none-eabi/13.3.1/../../../../arm-none-eabi/lib/thumb/v7e-m+fp/hard/libm.a(libm_a-sf_round.o)
 .ARM.attributes
                0x000002ad       0x34 /opt/armgcc/arm-gnu-toolchain-13.3.rel1-x86_64-arm-none-eabi/bin/../lib/gcc/arm-none-eabi/13.3.1/../../../../arm-none-eabi/lib/thumb/v7e-m+fp/hard/libm.a(libm_a-sf_nan.o)
 .ARM.attributes
                0x000002e1       0x34 /opt/armgcc/arm-gnu-toolchain-13.3.rel1-x86_64-arm-none-eabi/bin/../lib/gcc/arm-none-eabi/13.3.1/../../../../arm-none-eabi/lib/thumb/v7e-m+fp/hard/libm.a(libm_a-kf_cos.o)
 .ARM.attributes
                0x00000315       0x34 /opt/armgcc/arm-gnu-toolchain-13.3.rel1-x86_64-arm-none-eabi/bin/../lib/gcc/arm-none-eabi/13.3.1/../../../../arm-none-eabi/lib/thumb/v7e-m+fp/hard/libm.a(libm_a-kf_sin.o)
 .ARM.attributes
                0x00000349       0x34 /opt/armgcc/arm-gnu-toolchain-13.3.rel1-x86_64-arm-none-eabi/bin/../lib/gcc/arm-none-eabi/13.3.1/../../../../arm-none-eabi/lib/thumb/v7e-m+fp/hard/libm.a(libm_a-kf_tan.o)
 .ARM.attributes
                0x0000037d       0x34 /opt/armgcc/arm-gnu-toolchain-13.3.rel1-x86_64-arm-none-eabi/bin/../lib/gcc/arm-none-eabi/13.3.1/../../../../arm-none-eabi/lib/thumb/v7e-m+fp/hard/libm.a(libm_a-ef_rem_pio2.o)
 .ARM.attributes
                0x000003b1       0x34 /opt/armgcc/arm-gnu-toolchain-13.3.rel1-x86_64-arm-none-eabi/bin/../lib/gcc/arm-none-eabi/13.3.1/../../../../arm-none-eabi/lib/thumb/v7e-m+fp/hard/libm.a(libm_a-wf_exp.o)
 .ARM.attributes
                0x000003e5       0x34 /opt/armgcc/arm-gnu-toolchain-13.3.rel1-x86_64-arm-none-eabi/bin/../lib/gcc/arm-none-eabi/13.3.1/../../../../arm-none-eabi/lib/thumb/v7e-m+fp/hard/libm.a(libm_a-sf_cos.o)
 .ARM.attributes
                0x00000419       0x34 /opt/armgcc/arm-gnu-toolchain-13.3.rel1-x86_64-arm-none-eabi/bin/../lib/gcc/arm-none-eabi/13.3.1/../../../../arm-none-eabi/lib/thumb/v7e-m+fp/hard/libm.a(libm_a-sf_fabs.o)
 .ARM.attributes
                0x0000044d       0x34 /opt/armgcc/arm-gnu-toolchain-13.3.rel1-x86_64-arm-none-eabi/bin/../lib/gcc/arm-none-eabi/13.3.1/../../../../arm-none-eabi/lib/thumb/v7e-m+fp/hard/libm.a(libm_a-ef_sqrt.o)
 .ARM.attributes
                0x00000481       0x34 /opt/armgcc/arm-gnu-toolchain-13.3.rel1-x86_64-arm-none-eabi/bin/../lib/gcc/arm-none-eabi/13.3.1/../../../../arm-none-eabi/lib/thumb/v7e-m+fp/hard/libm.a(libm_a-sf_finite.o)
 .ARM.attributes
                0x000004b5       0x34 /opt/armgcc/arm-gnu-toolchain-13.3.rel1-x86_64-arm-none-eabi/bin/../lib/gcc/arm-none-eabi/13.3.1/../../../../arm-none-eabi/lib/thumb/v7e-m+fp/hard/libm.a(libm_a-sf_fmax.o)
 .ARM.attributes
                0x000004e9       0x34 /opt/armgcc/arm-gnu-toolchain-13.3.rel1-x86_64-arm-none-eabi/bin/../lib/gcc/arm-none-eabi/13.3.1/../../../../arm-none-eabi/lib/thumb/v7e-m+fp/hard/libm.a(libm_a-sf_fmin.o)
 .ARM.attributes
                0x0000051d       0x34 /opt/armgcc/arm-gnu-toolchain-13.3.rel1-x86_64-arm-none-eabi/bin/../lib/gcc/arm-none-eabi/13.3.1/../../../../arm-none-eabi/lib/thumb/v7e-m+fp/hard/libm.a(libm_a-sf_fpclassify.o)
 .ARM.attributes
                0x00000551       0x34 /opt/armgcc/arm-gnu-toolchain-13.3.rel1-x86_64-arm-none-eabi/bin/../lib/gcc/arm-none-eabi/13.3.1/../../../../arm-none-eabi/lib/thumb/v7e-m+fp/hard/libm.a(libm_a-kf_rem_pio2.o)
 .ARM.attributes
                0x00000585       0x34 /opt/armgcc/arm-gnu-toolchain-13.3.rel1-x86_64-arm-none-eabi/bin/../lib/gcc/arm-none-eabi/13.3.1/../../../../arm-none-eabi/lib/thumb/v7e-m+fp/hard/libm.a(libm_a-ef_log10.o)
 .ARM.attributes
                0x000005b9       0x34 /opt/armgcc/arm-gnu-toolchain-13.3.rel1-x86_64-arm-none-eabi/bin/../lib/gcc/arm-none-eabi/13.3.1/../../../../arm-none-eabi/lib/thumb/v7e-m+fp/hard/libm.a(libm_a-ef_pow.o)
 .ARM.attributes
                0x000005ed       0x34 /opt/armgcc/arm-gnu-toolchain-13.3.rel1-x86_64-arm-none-eabi/bin/../lib/gcc/arm-none-eabi/13.3.1/../../../../arm-none-eabi/lib/thumb/v7e-m+fp/hard/libm.a(libm_a-ef_exp.o)
 .ARM.attributes
                0x00000621       0x34 /opt/armgcc/arm-gnu-toolchain-13.3.rel1-x86_64-arm-none-eabi/bin/../lib/gcc/arm-none-eabi/13.3.1/../../../../arm-none-eabi/lib/thumb/v7e-m+fp/hard/libm.a(libm_a-sf_scalbn.o)
 .ARM.attributes
                0x00000655       0x34 /opt/armgcc/arm-gnu-toolchain-13.3.rel1-x86_64-arm-none-eabi/bin/../lib/gcc/arm-none-eabi/13.3.1/../../../../arm-none-eabi/lib/thumb/v7e-m+fp/hard/libm.a(libm_a-math_errf.o)
 .ARM.attributes
                0x00000689       0x34 /opt/armgcc/arm-gnu-toolchain-13.3.rel1-x86_64-arm-none-eabi/bin/../lib/gcc/arm-none-eabi/13.3.1/../../../../arm-none-eabi/lib/thumb/v7e-m+fp/hard/libm.a(libm_a-ef_log.o)
 .ARM.attributes
                0x000006bd       0x34 /opt/armgcc/arm-gnu-toolchain-13.3.rel1-x86_64-arm-none-eabi/bin/../lib/gcc/arm-none-eabi/13.3.1/../../../../arm-none-eabi/lib/thumb/v7e-m+fp/hard/libm.a(libm_a-cabsf.o)
 .ARM.attributes
                0x000006f1       0x34 /opt/armgcc/arm-gnu-toolchain-13.3.rel1-x86_64-arm-none-eabi/bin/../lib/gcc/arm-none-eabi/13.3.1/../../../../arm-none-eabi/lib/thumb/v7e-m+fp/hard/libm.a(libm_a-cimagf.o)
 .ARM.attributes
                0x00000725       0x34 /opt/armgcc/arm-gnu-toolchain-13.3.rel1-x86_64-arm-none-eabi/bin/../lib/gcc/arm-none-eabi/13.3.1/../../../../arm-none-eabi/lib/thumb/v7e-m+fp/hard/libm.a(libm_a-wf_hypot.o)
 .ARM.attributes
                0x00000759       0x34 /opt/armgcc/arm-gnu-toolchain-13.3.rel1-x86_64-arm-none-eabi/bin/../lib/gcc/arm-none-eabi/13.3.1/../../../../arm-none-eabi/lib/thumb/v7e-m+fp/hard/libm.a(libm_a-cexpf.o)
 .ARM.attributes
                0x0000078d       0x34 /opt/armgcc/arm-gnu-toolchain-13.3.rel1-x86_64-arm-none-eabi/bin/../lib/gcc/arm-none-eabi/13.3.1/../../../../arm-none-eabi/lib/thumb/v7e-m+fp/hard/libm.a(libm_a-ef_hypot.o)
 .ARM.attributes
                0x000007c1       0x34 /opt/armgcc/arm-gnu-toolchain-13.3.rel1-x86_64-arm-none-eabi/bin/../lib/gcc/arm-none-eabi/13.3.1/../../../../arm-none-eabi/lib/thumb/v7e-m+fp/hard/libm.a(libm_a-crealf.o)
 .ARM.attributes
                0x000007f5       0x34 /opt/armgcc/arm-gnu-toolchain-13.3.rel1-x86_64-arm-none-eabi/bin/../lib/gcc/arm-none-eabi/13.3.1/../../../../arm-none-eabi/lib/thumb/v7e-m+fp/hard/libm.a(libm_a-sf_atan.o)
 .ARM.attributes
                0x00000829       0x34 /opt/armgcc/arm-gnu-toolchain-13.3.rel1-x86_64-arm-none-eabi/bin/../lib/gcc/arm-none-eabi/13.3.1/../../../../arm-none-eabi/lib/thumb/v7e-m+fp/hard/libc_nano.a(libc_a-errno.o)
 .ARM.attributes
                0x0000085d       0x34 /opt/armgcc/arm-gnu-toolchain-13.3.rel1-x86_64-arm-none-eabi/bin/../lib/gcc/arm-none-eabi/13.3.1/../../../../arm-none-eabi/lib/thumb/v7e-m+fp/hard/libc_nano.a(libc_a-init.o)
 .ARM.attributes
                0x00000891       0x34 /opt/armgcc/arm-gnu-toolchain-13.3.rel1-x86_64-arm-none-eabi/bin/../lib/gcc/arm-none-eabi/13.3.1/../../../../arm-none-eabi/lib/thumb/v7e-m+fp/hard/libc_nano.a(libc_a-memset.o)
 .ARM.attributes
                0x000008c5       0x34 /opt/armgcc/arm-gnu-toolchain-13.3.rel1-x86_64-arm-none-eabi/bin/../lib/gcc/arm-none-eabi/13.3.1/../../../../arm-none-eabi/lib/thumb/v7e-m+fp/hard/libc_nano.a(libc_a-impure.o)
 .ARM.attributes
                0x000008f9       0x34 /opt/armgcc/arm-gnu-toolchain-13.3.rel1-x86_64-arm-none-eabi/bin/../lib/gcc/arm-none-eabi/13.3.1/../../../../arm-none-eabi/lib/thumb/v7e-m+fp/hard/libc_nano.a(libc_a-findfp.o)
 .ARM.attributes
                0x0000092d       0x34 /opt/armgcc/arm-gnu-toolchain-13.3.rel1-x86_64-arm-none-eabi/bin/../lib/gcc/arm-none-eabi/13.3.1/../../../../arm-none-eabi/lib/thumb/v7e-m+fp/hard/libc_nano.a(libc_a-lock.o)
 .ARM.attributes
                0x00000961       0x34 /opt/armgcc/arm-gnu-toolchain-13.3.rel1-x86_64-arm-none-eabi/bin/../lib/gcc/arm-none-eabi/13.3.1/../../../../arm-none-eabi/lib/thumb/v7e-m+fp/hard/libc_nano.a(libc_a-mallocr.o)
 .ARM.attributes
                0x00000995       0x34 /opt/armgcc/arm-gnu-toolchain-13.3.rel1-x86_64-arm-none-eabi/bin/../lib/gcc/arm-none-eabi/13.3.1/../../../../arm-none-eabi/lib/thumb/v7e-m+fp/hard/libc_nano.a(libc_a-reent.o)
 .ARM.attributes
                0x000009c9       0x34 /opt/armgcc/arm-gnu-toolchain-13.3.rel1-x86_64-arm-none-eabi/bin/../lib/gcc/arm-none-eabi/13.3.1/../../../../arm-none-eabi/lib/thumb/v7e-m+fp/hard/libc_nano.a(libc_a-mlock.o)
 .ARM.attributes
                0x000009fd       0x34 /opt/armgcc/arm-gnu-toolchain-13.3.rel1-x86_64-arm-none-eabi/bin/../lib/gcc/arm-none-eabi/13.3.1/../../../../arm-none-eabi/lib/thumb/v7e-m+fp/hard/libc_nano.a(libc_a-sbrkr.o)
 .ARM.attributes
                0x00000a31       0x34 /opt/armgcc/arm-gnu-toolchain-13.3.rel1-x86_64-arm-none-eabi/bin/../lib/gcc/arm-none-eabi/13.3.1/../../../../arm-none-eabi/lib/thumb/v7e-m+fp/hard/libc_nano.a(libc_a-freer.o)
 .ARM.attributes
                0x00000a65       0x34 /opt/armgcc/arm-gnu-toolchain-13.3.rel1-x86_64-arm-none-eabi/bin/../lib/gcc/arm-none-eabi/13.3.1/../../../../arm-none-eabi/lib/thumb/v7e-m+fp/hard/libc_nano.a(libc_a-memmove.o)
 .ARM.attributes
                0x00000a99       0x34 /opt/armgcc/arm-gnu-toolchain-13.3.rel1-x86_64-arm-none-eabi/bin/../lib/gcc/arm-none-eabi/13.3.1/../../../../arm-none-eabi/lib/thumb/v7e-m+fp/hard/libc_nano.a(libc_a-memcpy-stub.o)
 .ARM.attributes
                0x00000acd       0x34 /opt/armgcc/arm-gnu-toolchain-13.3.rel1-x86_64-arm-none-eabi/bin/../lib/gcc/arm-none-eabi/13.3.1/../../../../arm-none-eabi/lib/thumb/v7e-m+fp/hard/libc_nano.a(libc_a-malloc.o)
 .ARM.attributes
                0x00000b01       0x17 /opt/armgcc/arm-gnu-toolchain-13.3.rel1-x86_64-arm-none-eabi/bin/../lib/gcc/arm-none-eabi/13.3.1/../../../../arm-none-eabi/lib/thumb/v7e-m+fp/hard/libc_nano.a(libc_a-strlen.o)
 .ARM.attributes
                0x00000b18       0x34 out/lib/libwrapprintf.a(acc_wrap_printf.o)
 .ARM.attributes
                0x00000b4c       0x34 out/lib/libwrapprintf.a(printf.o)
 .ARM.attributes
                0x00000b80       0x22 /opt/armgcc/arm-gnu-toolchain-13.3.rel1-x86_64-arm-none-eabi/bin/../lib/gcc/arm-none-eabi/13.3.1/thumb/v7e-m+fp/hard/libgcc.a(_aeabi_uldivmod.o)
 .ARM.attributes
                0x00000ba2       0x34 /opt/armgcc/arm-gnu-toolchain-13.3.rel1-x86_64-arm-none-eabi/bin/../lib/gcc/arm-none-eabi/13.3.1/thumb/v7e-m+fp/hard/libgcc.a(_mulsc3.o)
 .ARM.attributes
                0x00000bd6       0x34 /opt/armgcc/arm-gnu-toolchain-13.3.rel1-x86_64-arm-none-eabi/bin/../lib/gcc/arm-none-eabi/13.3.1/thumb/v7e-m+fp/hard/libgcc.a(_fixunssfdi.o)
 .ARM.attributes
                0x00000c0a       0x34 /opt/armgcc/arm-gnu-toolchain-13.3.rel1-x86_64-arm-none-eabi/bin/../lib/gcc/arm-none-eabi/13.3.1/thumb/v7e-m+fp/hard/libgcc.a(_udivmoddi4.o)
 .ARM.attributes
                0x00000c3e       0x22 /opt/armgcc/arm-gnu-toolchain-13.3.rel1-x86_64-arm-none-eabi/bin/../lib/gcc/arm-none-eabi/13.3.1/thumb/v7e-m+fp/hard/libgcc.a(_arm_muldf3.o)
 .ARM.attributes
                0x00000c60       0x22 /opt/armgcc/arm-gnu-toolchain-13.3.rel1-x86_64-arm-none-eabi/bin/../lib/gcc/arm-none-eabi/13.3.1/thumb/v7e-m+fp/hard/libgcc.a(_dvmd_tls.o)
 .ARM.attributes
                0x00000c82       0x22 /opt/armgcc/arm-gnu-toolchain-13.3.rel1-x86_64-arm-none-eabi/bin/../lib/gcc/arm-none-eabi/13.3.1/thumb/v7e-m+fp/hard/libgcc.a(_arm_addsubdf3.o)
 .ARM.attributes
                0x00000ca4       0x22 /opt/armgcc/arm-gnu-toolchain-13.3.rel1-x86_64-arm-none-eabi/bin/../lib/gcc/arm-none-eabi/13.3.1/thumb/v7e-m+fp/hard/libgcc.a(_arm_fixunsdfsi.o)
 .ARM.attributes
                0x00000cc6       0x34 /opt/armgcc/arm-gnu-toolchain-13.3.rel1-x86_64-arm-none-eabi/bin/../lib/gcc/arm-none-eabi/13.3.1/thumb/v7e-m+fp/hard/crtend.o
 .ARM.attributes
                0x00000cfa       0x22 /opt/armgcc/arm-gnu-toolchain-13.3.rel1-x86_64-arm-none-eabi/bin/../lib/gcc/arm-none-eabi/13.3.1/thumb/v7e-m+fp/hard/crtn.o
OUTPUT(out/i2c_distance_detector.elf elf32-littlearm)
LOAD linker stubs
LOAD /opt/armgcc/arm-gnu-toolchain-13.3.rel1-x86_64-arm-none-eabi/bin/../lib/gcc/arm-none-eabi/13.3.1/../../../../arm-none-eabi/lib/thumb/v7e-m+fp/hard/libc.a
LOAD /opt/armgcc/arm-gnu-toolchain-13.3.rel1-x86_64-arm-none-eabi/bin/../lib/gcc/arm-none-eabi/13.3.1/../../../../arm-none-eabi/lib/thumb/v7e-m+fp/hard/libm.a
LOAD /opt/armgcc/arm-gnu-toolchain-13.3.rel1-x86_64-arm-none-eabi/bin/../lib/gcc/arm-none-eabi/13.3.1/thumb/v7e-m+fp/hard/libgcc.a

.debug_info     0x00000000    0x5c3cc
 .debug_info    0x00000000     0xde94 /tmp/ccTx0au6.ltrans0.ltrans.o
 .debug_info    0x0000de94    0x1663c /tmp/ccTx0au6.ltrans1.ltrans.o
 .debug_info    0x000244d0     0x2a84 /tmp/ccTx0au6.ltrans2.ltrans.o
 .debug_info    0x00026f54      0xa4a /tmp/cctquIAn.debug.temp.o
                0x00026f54                acc_hal_integration_stm32cube_xm.c.6f77f6a1
 .debug_info    0x0002799e     0x1cc9 /tmp/ccAWsyrJ.debug.temp.o
                0x0002799e                main.c.a9818522
 .debug_info    0x00029667     0x18a6 /tmp/ccB3NvDA.debug.temp.o
                0x00029667                stm32l4xx_hal_msp.c.38842b68
 .debug_info    0x0002af0d      0xe53 /tmp/cceIyWMt.debug.temp.o
                0x0002af0d                stm32l4xx_it.c.b8df38ef
 .debug_info    0x0002bd60      0x597 /tmp/cc08jV01.debug.temp.o
                0x0002bd60                system_stm32l4xx.c.a6c0960c
 .debug_info    0x0002c2f7      0x1f7 /tmp/ccUBV5r5.debug.temp.o
                0x0002c2f7                acc_integration_log.c.4353918a
 .debug_info    0x0002c4ee     0x1cd9 /tmp/ccMXw0Hc.debug.temp.o
                0x0002c4ee                acc_integration_stm32.c.d1abfc58
 .debug_info    0x0002e1c7      0xc07 /tmp/ccyeuXlo.debug.temp.o
                0x0002e1c7                acc_processing_helpers.c.32f34046
 .debug_info    0x0002edce       0x78 /tmp/cckv2f6D.debug.temp.o
                0x0002edce                acc_integration_cortex.c.2d37e202
 .debug_info    0x0002ee46      0x3df /tmp/cc9JSEOv.debug.temp.o
                0x0002ee46                acc_reg_protocol.c.dfbae60e
 .debug_info    0x0002f225      0x54c /tmp/ccawEJT8.debug.temp.o
                0x0002f225                distance_reg_protocol.c.a5a81f37
 .debug_info    0x0002f771      0xd9f /tmp/ccmJrlUP.debug.temp.o
                0x0002f771                distance_reg_protocol_access.c.f656938e
 .debug_info    0x00030510     0x2009 /tmp/cctWR44E.debug.temp.o
                0x00030510                i2c_application_system_stm32.c.79ae17f8
 .debug_info    0x00032519      0xcc6 /tmp/ccTYQQFn.debug.temp.o
                0x00032519                i2c_distance_detector.c.da350b82
 .debug_info    0x000331df      0x931 /tmp/ccVbM2lO.debug.temp.o
                0x000331df                stm32l4xx_hal.c.ca5b77eb
 .debug_info    0x00033b10      0xad1 /tmp/ccdnW3b0.debug.temp.o
                0x00033b10                stm32l4xx_hal_cortex.c.87ba234b
 .debug_info    0x000345e1      0x61f /tmp/cc5z4ySt.debug.temp.o
                0x000345e1                stm32l4xx_hal_dma.c.6f5b0e58
 .debug_info    0x00034c00      0x6e6 /tmp/ccpIxoLt.debug.temp.o
                0x00034c00                stm32l4xx_hal_gpio.c.efcb1414
 .debug_info    0x000352e6     0x1a31 /tmp/ccROm8kV.debug.temp.o
                0x000352e6                stm32l4xx_hal_i2c.c.a67087fb
 .debug_info    0x00036d17      0x92d /tmp/ccBpt6ZD.debug.temp.o
                0x00036d17                stm32l4xx_hal_i2c_ex.c.6ed6f021
 .debug_info    0x00037644      0xac9 /tmp/ccLIMqqZ.debug.temp.o
                0x00037644                stm32l4xx_hal_rcc.c.1aa230e9
 .debug_info    0x0003810d      0xd63 /tmp/ccvK5U2O.debug.temp.o
                0x0003810d                stm32l4xx_hal_rcc_ex.c.8e3d55ff
 .debug_info    0x00038e70      0xb9b /tmp/ccKGy6Nx.debug.temp.o
                0x00038e70                stm32l4xx_hal_rtc.c.88dd4ebd
 .debug_info    0x00039a0b      0x892 /tmp/ccbfNK7g.debug.temp.o
                0x00039a0b                stm32l4xx_hal_pwr.c.750cbea9
 .debug_info    0x0003a29d      0x780 /tmp/ccZk2gIi.debug.temp.o
                0x0003a29d                stm32l4xx_hal_pwr_ex.c.384911cd
 .debug_info    0x0003aa1d      0xd8a /tmp/ccsOIxzC.debug.temp.o
                0x0003aa1d                stm32l4xx_hal_rtc_ex.c.260d0fe3
 .debug_info    0x0003b7a7     0x10f9 /tmp/ccw1F6Iv.debug.temp.o
                0x0003b7a7                stm32l4xx_hal_spi.c.8db7466e
 .debug_info    0x0003c8a0     0x1a9c /tmp/cc3wjwMk.debug.temp.o
                0x0003c8a0                stm32l4xx_hal_uart.c.18ba6236
 .debug_info    0x0003e33c       0xa5 /tmp/ccImjKxc.debug.temp.o
                0x0003e33c                acc_version_a121.c.8a90196d
 .debug_info    0x0003e3e1      0x5db /tmp/cc57IKfB.debug.temp.o
                0x0003e3e1                acc_rss_a121.c.2c473cba
 .debug_info    0x0003e9bc     0x12c3 /tmp/ccmdAAWr.debug.temp.o
                0x0003e9bc                acc_config.c.b86decbf
 .debug_info    0x0003fc7f      0xca1 /tmp/ccJelVkm.debug.temp.o
                0x0003fc7f                acc_processing.c.5a56ad25
 .debug_info    0x00040920      0xdd9 /tmp/ccaBUbUC.debug.temp.o
                0x00040920                acc_sensor.c.2c0c4774
 .debug_info    0x000416f9     0x100b /tmp/ccTmRU4h.debug.temp.o
                0x000416f9                acc_calibration_a121.c.bd9bc281
 .debug_info    0x00042704     0x112f /tmp/ccJtj4KK.debug.temp.o
                0x00042704                acc_calibration_a121_algorithms.c.66e2f4ae
 .debug_info    0x00043833      0xa8e /tmp/ccbOwtsO.debug.temp.o
                0x00043833                acc_calibration_a121_cal_session.c.1a627c2b
 .debug_info    0x000442c1      0x5ab /tmp/ccf6ZDgK.debug.temp.o
                0x000442c1                acc_rss_integration.c.022a0d00
 .debug_info    0x0004486c     0x11d0 /tmp/cc5HnuER.debug.temp.o
                0x0004486c                acc_pipeline_a121.c.924c0628
 .debug_info    0x00045a3c     0x1934 /tmp/ccWOsCSO.debug.temp.o
                0x00045a3c                acc_radar_engine_a121.c.ef3de4e5
 .debug_info    0x00047370      0x9a2 /tmp/cc1MlqE9.debug.temp.o
                0x00047370                acc_sensor_comm_a121.c.65b7a7d7
 .debug_info    0x00047d12      0x6b9 /tmp/ccwNzWlD.debug.temp.o
                0x00047d12                acc_sensor_protocol_a121.c.d29e6991
 .debug_info    0x000483cb     0x18c9 /tmp/cc9rhJEI.debug.temp.o
                0x000483cb                acc_translation_a121.c.2210300e
 .debug_info    0x00049c94      0x689 /tmp/ccbRCGDz.debug.temp.o
                0x00049c94                acc_translation_pulseshaper.c.d9764e5a
 .debug_info    0x0004a31d      0x198 /tmp/ccqr6tHS.debug.temp.o
                0x0004a31d                acc_utils_config_to_str.c.0fc96c7f
 .debug_info    0x0004a4b5      0x17c /tmp/ccZZANDx.debug.temp.o
                0x0004a4b5                acc_alg_cca.c.3bc39489
 .debug_info    0x0004a631      0x7c5 /tmp/cc8RbKbz.debug.temp.o
                0x0004a631                acc_confprogram.c.c76ae30c
 .debug_info    0x0004adf6      0x2b8 /tmp/cccOOwKl.debug.temp.o
                0x0004adf6                acc_element.c.b8ca5115
 .debug_info    0x0004b0ae      0x645 /tmp/ccUPjBUO.debug.temp.o
                0x0004b0ae                acc_sensor_comm.c.d237dbf9
 .debug_info    0x0004b6f3      0x3ef /tmp/cckw7BT8.debug.temp.o
                0x0004b6f3                acc_cpd_pll_divisors.c.dc52ec8a
 .debug_info    0x0004bae2      0x150 /tmp/ccxGKB3W.debug.temp.o
                0x0004bae2                acc_dll_area_settings.c.f20de258
 .debug_info    0x0004bc32      0x175 /tmp/cc5rZdE8.debug.temp.o
                0x0004bc32                acc_utils.c.01b907a5
 .debug_info    0x0004bda7      0x1d8 /tmp/ccoK0AGe.debug.temp.o
                0x0004bda7                acc_alg_atan2.c.de4435e1
 .debug_info    0x0004bf7f      0x10e /tmp/ccIc7Gn9.debug.temp.o
                0x0004bf7f                acc_alg_basic_utils.c.716208ab
 .debug_info    0x0004c08d      0x1c1 /tmp/ccRipd7O.debug.temp.o
                0x0004c08d                acc_alg_least_square_fit.c.5b26c2c1
 .debug_info    0x0004c24e      0x199 /tmp/cc1QhAu8.debug.temp.o
                0x0004c24e                acc_alg_temp.c.c039df6c
 .debug_info    0x0004c3e7      0xb4a /tmp/ccRGDBSI.debug.temp.o
                0x0004c3e7                acc_diagnostic_log.c.64c0f501
 .debug_info    0x0004cf31      0x378 /tmp/cc9Nzn2u.debug.temp.o
                0x0004cf31                acc_image_a121_r1a_cal_session.c.92904a69
 .debug_info    0x0004d2a9       0xcc /tmp/cctZ6UWG.debug.temp.o
                0x0004d2a9                acc_module_lut.c.af80f7cd
 .debug_info    0x0004d375      0x23b /tmp/cc9mRFyA.debug.temp.o
                0x0004d375                acc_alg_iq_imb_comp.c.f63bba41
 .debug_info    0x0004d5b0      0xa46 /tmp/cch5yX4T.debug.temp.o
                0x0004d5b0                acc_element_frame.c.e8f0f55b
 .debug_info    0x0004dff6      0x565 /tmp/cc3KMMFY.debug.temp.o
                0x0004dff6                acc_element_frame_aux.c.23a0edf1
 .debug_info    0x0004e55b      0x519 /tmp/ccQiTS8n.debug.temp.o
                0x0004e55b                acc_element_sink_a121_callback.c.67b092e7
 .debug_info    0x0004ea74      0xe2f /tmp/ccWxYVI2.debug.temp.o
                0x0004ea74                acc_cpd_a121_meas_session.c.05ed9d87
 .debug_info    0x0004f8a3      0xa81 /tmp/ccTmIJJy.debug.temp.o
                0x0004f8a3                acc_pipeline_subsweep.c.8b81c13a
 .debug_info    0x00050324      0xd23 /tmp/ccy5pIVh.debug.temp.o
                0x00050324                acc_image_a121_r1a_meas_session.c.863f2bf2